../Core/Src/main.c:80:24:LL_SYSTICK_IsActiveCounterFlag	4	static
../Core/Src/main.c:84:10:getCurrentMicros	24	static
../Core/Src/main.c:97:7:_electricalAngle	16	static
../Core/Src/main.c:100:7:_normalizeAngle	24	static
../Core/Src/main.c:112:6:setPwm	24	static
../Core/Src/main.c:131:6:setPhaseVoltage	32	static
../Core/Src/main.c:146:7:velocityOpenloop	24	static
../Core/Src/main.c:179:5:main	8	static
../Core/Src/main.c:243:6:SystemClock_Config	88	static
../Core/Src/main.c:289:13:MX_ADC1_Init	56	static
../Core/Src/main.c:374:13:MX_LPUART1_UART_Init	8	static
../Core/Src/main.c:421:13:MX_TIM1_Init	120	static
../Core/Src/main.c:511:13:MX_TIM2_Init	40	static
../Core/Src/main.c:556:13:MX_GPIO_Init	48	static
../Core/Src/main.c:595:6:HAL_TIM_PeriodElapsedCallback	24	static
../Core/Src/main.c:620:6:Error_Handler	4	static,ignoring_inline_asm
