../Core/Src/main.c:168:24:LL_SYSTICK_IsActiveCounterFlag	4	static
../Core/Src/main.c:172:10:getCurrentMicros	24	static
../Core/Src/main.c:185:7:_electricalAngle	16	static
../Core/Src/main.c:188:7:_normalizeAngle	24	static
../Core/Src/main.c:200:6:setPwm	32	static
../Core/Src/main.c:219:6:setPhaseVoltage	32	static
../Core/Src/main.c:234:7:velocityOpenloop	24	static
../Core/Src/main.c:330:5:main	8	static
../Core/Src/main.c:381:6:SystemClock_Config	88	static
../Core/Src/main.c:428:13:MX_SPI1_Init	8	static
../Core/Src/main.c:466:13:MX_TIM1_Init	96	static
../Core/Src/main.c:549:13:MX_TIM2_Init	32	static
../Core/Src/main.c:594:13:MX_GPIO_Init	40	static
../Core/Src/main.c:637:6:HAL_TIM_PeriodElapsedCallback	24	static
../Core/Src/main.c:663:6:Error_Handler	4	static,ignoring_inline_asm
