Archive member included to satisfy reference by file (symbol)

/Applications/STM32CubeIDE.app/Contents/Eclipse/plugins/com.st.stm32cube.ide.mcu.externaltools.gnu-tools-for-stm32.11.3.rel1.macos64_1.1.1.202309131626/tools/bin/../lib/gcc/arm-none-eabi/11.3.1/../../../../arm-none-eabi/lib/thumb/v7-m/nofp/libc_nano.a(libc_a-exit.o)
                              /Applications/STM32CubeIDE.app/Contents/Eclipse/plugins/com.st.stm32cube.ide.mcu.externaltools.gnu-tools-for-stm32.11.3.rel1.macos64_1.1.1.202309131626/tools/bin/../lib/gcc/arm-none-eabi/11.3.1/../../../../arm-none-eabi/lib/thumb/v7-m/nofp/crt0.o (exit)
/Applications/STM32CubeIDE.app/Contents/Eclipse/plugins/com.st.stm32cube.ide.mcu.externaltools.gnu-tools-for-stm32.11.3.rel1.macos64_1.1.1.202309131626/tools/bin/../lib/gcc/arm-none-eabi/11.3.1/../../../../arm-none-eabi/lib/thumb/v7-m/nofp/libc_nano.a(libc_a-sprintf.o)
                              ./Core/Src/main.o (sprintf)
/Applications/STM32CubeIDE.app/Contents/Eclipse/plugins/com.st.stm32cube.ide.mcu.externaltools.gnu-tools-for-stm32.11.3.rel1.macos64_1.1.1.202309131626/tools/bin/../lib/gcc/arm-none-eabi/11.3.1/../../../../arm-none-eabi/lib/thumb/v7-m/nofp/libc_nano.a(libc_a-findfp.o)
                              /Applications/STM32CubeIDE.app/Contents/Eclipse/plugins/com.st.stm32cube.ide.mcu.externaltools.gnu-tools-for-stm32.11.3.rel1.macos64_1.1.1.202309131626/tools/bin/../lib/gcc/arm-none-eabi/11.3.1/../../../../arm-none-eabi/lib/thumb/v7-m/nofp/libc_nano.a(libc_a-exit.o) (__stdio_exit_handler)
/Applications/STM32CubeIDE.app/Contents/Eclipse/plugins/com.st.stm32cube.ide.mcu.externaltools.gnu-tools-for-stm32.11.3.rel1.macos64_1.1.1.202309131626/tools/bin/../lib/gcc/arm-none-eabi/11.3.1/../../../../arm-none-eabi/lib/thumb/v7-m/nofp/libc_nano.a(libc_a-fwalk.o)
                              /Applications/STM32CubeIDE.app/Contents/Eclipse/plugins/com.st.stm32cube.ide.mcu.externaltools.gnu-tools-for-stm32.11.3.rel1.macos64_1.1.1.202309131626/tools/bin/../lib/gcc/arm-none-eabi/11.3.1/../../../../arm-none-eabi/lib/thumb/v7-m/nofp/libc_nano.a(libc_a-findfp.o) (_fwalk_sglue)
/Applications/STM32CubeIDE.app/Contents/Eclipse/plugins/com.st.stm32cube.ide.mcu.externaltools.gnu-tools-for-stm32.11.3.rel1.macos64_1.1.1.202309131626/tools/bin/../lib/gcc/arm-none-eabi/11.3.1/../../../../arm-none-eabi/lib/thumb/v7-m/nofp/libc_nano.a(libc_a-memset.o)
                              /Applications/STM32CubeIDE.app/Contents/Eclipse/plugins/com.st.stm32cube.ide.mcu.externaltools.gnu-tools-for-stm32.11.3.rel1.macos64_1.1.1.202309131626/tools/bin/../lib/gcc/arm-none-eabi/11.3.1/../../../../arm-none-eabi/lib/thumb/v7-m/nofp/crt0.o (memset)
/Applications/STM32CubeIDE.app/Contents/Eclipse/plugins/com.st.stm32cube.ide.mcu.externaltools.gnu-tools-for-stm32.11.3.rel1.macos64_1.1.1.202309131626/tools/bin/../lib/gcc/arm-none-eabi/11.3.1/../../../../arm-none-eabi/lib/thumb/v7-m/nofp/libc_nano.a(libc_a-impure.o)
                              /Applications/STM32CubeIDE.app/Contents/Eclipse/plugins/com.st.stm32cube.ide.mcu.externaltools.gnu-tools-for-stm32.11.3.rel1.macos64_1.1.1.202309131626/tools/bin/../lib/gcc/arm-none-eabi/11.3.1/../../../../arm-none-eabi/lib/thumb/v7-m/nofp/libc_nano.a(libc_a-sprintf.o) (_impure_ptr)
/Applications/STM32CubeIDE.app/Contents/Eclipse/plugins/com.st.stm32cube.ide.mcu.externaltools.gnu-tools-for-stm32.11.3.rel1.macos64_1.1.1.202309131626/tools/bin/../lib/gcc/arm-none-eabi/11.3.1/../../../../arm-none-eabi/lib/thumb/v7-m/nofp/libc_nano.a(libc_a-errno.o)
                              ./Core/Src/syscalls.o (__errno)
/Applications/STM32CubeIDE.app/Contents/Eclipse/plugins/com.st.stm32cube.ide.mcu.externaltools.gnu-tools-for-stm32.11.3.rel1.macos64_1.1.1.202309131626/tools/bin/../lib/gcc/arm-none-eabi/11.3.1/../../../../arm-none-eabi/lib/thumb/v7-m/nofp/libc_nano.a(libc_a-init.o)
                              /Applications/STM32CubeIDE.app/Contents/Eclipse/plugins/com.st.stm32cube.ide.mcu.externaltools.gnu-tools-for-stm32.11.3.rel1.macos64_1.1.1.202309131626/tools/bin/../lib/gcc/arm-none-eabi/11.3.1/../../../../arm-none-eabi/lib/thumb/v7-m/nofp/crt0.o (__libc_init_array)
/Applications/STM32CubeIDE.app/Contents/Eclipse/plugins/com.st.stm32cube.ide.mcu.externaltools.gnu-tools-for-stm32.11.3.rel1.macos64_1.1.1.202309131626/tools/bin/../lib/gcc/arm-none-eabi/11.3.1/../../../../arm-none-eabi/lib/thumb/v7-m/nofp/libc_nano.a(libc_a-lock.o)
                              /Applications/STM32CubeIDE.app/Contents/Eclipse/plugins/com.st.stm32cube.ide.mcu.externaltools.gnu-tools-for-stm32.11.3.rel1.macos64_1.1.1.202309131626/tools/bin/../lib/gcc/arm-none-eabi/11.3.1/../../../../arm-none-eabi/lib/thumb/v7-m/nofp/libc_nano.a(libc_a-findfp.o) (__retarget_lock_init_recursive)
[...]
Memory Configuration

Name             Origin             Length             Attributes
RAM              0x0000000020000000 0x0000000000005000 xrw
FLASH            0x0000000008000000 0x0000000000010000 xr
*default*        0x0000000000000000 0xffffffffffffffff

Linker script and memory map

LOAD /Applications/STM32CubeIDE.app/Contents/Eclipse/plugins/com.st.stm32cube.ide.mcu.externaltools.gnu-tools-for-stm32.11.3.rel1.macos64_1.1.1.202309131626/tools/bin/../lib/gcc/arm-none-eabi/11.3.1/thumb/v7-m/nofp/crti.o
LOAD /Applications/STM32CubeIDE.app/Contents/Eclipse/plugins/com.st.stm32cube.ide.mcu.externaltools.gnu-tools-for-stm32.11.3.rel1.macos64_1.1.1.202309131626/tools/bin/../lib/gcc/arm-none-eabi/11.3.1/thumb/v7-m/nofp/crtbegin.o
LOAD /Applications/STM32CubeIDE.app/Contents/Eclipse/plugins/com.st.stm32cube.ide.mcu.externaltools.gnu-tools-for-stm32.11.3.rel1.macos64_1.1.1.202309131626/tools/bin/../lib/gcc/arm-none-eabi/11.3.1/../../../../arm-none-eabi/lib/thumb/v7-m/nofp/crt0.o
LOAD ./Core/Src/as5048a.o
LOAD ./Core/Src/current_sense.o
LOAD ./Core/Src/lowpass_filter.o
LOAD ./Core/Src/main.o
LOAD ./Core/Src/motor_control.o
LOAD ./Core/Src/pid.o
LOAD ./Core/Src/stm32f1xx_hal_msp.o
LOAD ./Core/Src/stm32f1xx_it.o
LOAD ./Core/Src/syscalls.o
LOAD ./Core/Src/sysmem.o
LOAD ./Core/Src/system_stm32f1xx.o
LOAD ./Core/Startup/startup_stm32f103c8tx.o
LOAD ./Drivers/STM32F1xx_HAL_Driver/Src/stm32f1xx_hal.o
LOAD ./Drivers/STM32F1xx_HAL_Driver/Src/stm32f1xx_hal_adc.o
LOAD ./Drivers/STM32F1xx_HAL_Driver/Src/stm32f1xx_hal_adc_ex.o
LOAD ./Drivers/STM32F1xx_HAL_Driver/Src/stm32f1xx_hal_cortex.o
LOAD ./Drivers/STM32F1xx_HAL_Driver/Src/stm32f1xx_hal_dma.o
LOAD ./Drivers/STM32F1xx_HAL_Driver/Src/stm32f1xx_hal_exti.o
LOAD ./Drivers/STM32F1xx_HAL_Driver/Src/stm32f1xx_hal_flash.o
LOAD ./Drivers/STM32F1xx_HAL_Driver/Src/stm32f1xx_hal_flash_ex.o
LOAD ./Drivers/STM32F1xx_HAL_Driver/Src/stm32f1xx_hal_gpio.o
LOAD ./Drivers/STM32F1xx_HAL_Driver/Src/stm32f1xx_hal_gpio_ex.o
LOAD ./Drivers/STM32F1xx_HAL_Driver/Src/stm32f1xx_hal_pcd.o
LOAD ./Drivers/STM32F1xx_HAL_Driver/Src/stm32f1xx_hal_pcd_ex.o
LOAD ./Drivers/STM32F1xx_HAL_Driver/Src/stm32f1xx_hal_pwr.o
LOAD ./Drivers/STM32F1xx_HAL_Driver/Src/stm32f1xx_hal_rcc.o
LOAD ./Drivers/STM32F1xx_HAL_Driver/Src/stm32f1xx_hal_rcc_ex.o
LOAD ./Drivers/STM32F1xx_HAL_Driver/Src/stm32f1xx_hal_spi.o
LOAD ./Drivers/STM32F1xx_HAL_Driver/Src/stm32f1xx_hal_tim.o
LOAD ./Drivers/STM32F1xx_HAL_Driver/Src/stm32f1xx_hal_tim_ex.o
LOAD ./Drivers/STM32F1xx_HAL_Driver/Src/stm32f1xx_ll_usb.o
LOAD ./Middlewares/ST/STM32_USB_Device_Library/Class/CDC/Src/usbd_cdc.o
LOAD ./Middlewares/ST/STM32_USB_Device_Library/Core/Src/usbd_core.o
LOAD ./Middlewares/ST/STM32_USB_Device_Library/Core/Src/usbd_ctlreq.o
LOAD ./Middlewares/ST/STM32_USB_Device_Library/Core/Src/usbd_ioreq.o
LOAD ./USB_DEVICE/App/usb_device.o
LOAD ./USB_DEVICE/App/usbd_cdc_if.o
LOAD ./USB_DEVICE/App/usbd_desc.o
LOAD ./USB_DEVICE/Target/usbd_conf.o
START GROUP
LOAD /Applications/STM32CubeIDE.app/Contents/Eclipse/plugins/com.st.stm32cube.ide.mcu.externaltools.gnu-tools-for-stm32.11.3.rel1.macos64_1.1.1.202309131626/tools/bin/../lib/gcc/arm-none-eabi/11.3.1/../../../../arm-none-eabi/lib/thumb/v7-m/nofp/libc_nano.a
LOAD /Applications/STM32CubeIDE.app/Contents/Eclipse/plugins/com.st.stm32cube.ide.mcu.externaltools.gnu-tools-for-stm32.11.3.rel1.macos64_1.1.1.202309131626/tools/bin/../lib/gcc/arm-none-eabi/11.3.1/../../../../arm-none-eabi/lib/thumb/v7-m/nofp/libm.a
END GROUP
START GROUP
LOAD /Applications/STM32CubeIDE.app/Contents/Eclipse/plugins/com.st.stm32cube.ide.mcu.externaltools.gnu-tools-for-stm32.11.3.rel1.macos64_1.1.1.202309131626/tools/bin/../lib/gcc/arm-none-eabi/11.3.1/thumb/v7-m/nofp/libgcc.a
LOAD /Applications/STM32CubeIDE.app/Contents/Eclipse/plugins/com.st.stm32cube.ide.mcu.externaltools.gnu-tools-for-stm32.11.3.rel1.macos64_1.1.1.202309131626/tools/bin/../lib/gcc/arm-none-eabi/11.3.1/../../../../arm-none-eabi/lib/thumb/v7-m/nofp/libc_nano.a
END GROUP
START GROUP
LOAD /Applications/STM32CubeIDE.app/Contents/Eclipse/plugins/com.st.stm32cube.ide.mcu.externaltools.gnu-tools-for-stm32.11.3.rel1.macos64_1.1.1.202309131626/tools/bin/../lib/gcc/arm-none-eabi/11.3.1/thumb/v7-m/nofp/libgcc.a
LOAD /Applications/STM32CubeIDE.app/Contents/Eclipse/plugins/com.st.stm32cube.ide.mcu.externaltools.gnu-tools-for-stm32.11.3.rel1.macos64_1.1.1.202309131626/tools/bin/../lib/gcc/arm-none-eabi/11.3.1/../../../../arm-none-eabi/lib/thumb/v7-m/nofp/libc_nano.a
LOAD /Applications/STM32CubeIDE.app/Contents/Eclipse/plugins/com.st.stm32cube.ide.mcu.externaltools.gnu-tools-for-stm32.11.3.rel1.macos64_1.1.1.202309131626/tools/bin/../lib/gcc/arm-none-eabi/11.3.1/../../../../arm-none-eabi/lib/thumb/v7-m/nofp/libnosys.a
END GROUP
START GROUP
LOAD /Applications/STM32CubeIDE.app/Contents/Eclipse/plugins/com.st.stm32cube.ide.mcu.externaltools.gnu-tools-for-stm32.11.3.rel1.macos64_1.1.1.202309131626/tools/bin/../lib/gcc/arm-none-eabi/11.3.1/thumb/v7-m/nofp/libgcc.a
LOAD /Applications/STM32CubeIDE.app/Contents/Eclipse/plugins/com.st.stm32cube.ide.mcu.externaltools.gnu-tools-for-stm32.11.3.rel1.macos64_1.1.1.202309131626/tools/bin/../lib/gcc/arm-none-eabi/11.3.1/../../../../arm-none-eabi/lib/thumb/v7-m/nofp/libc_nano.a
LOAD /Applications/STM32CubeIDE.app/Contents/Eclipse/plugins/com.st.stm32cube.ide.mcu.externaltools.gnu-tools-for-stm32.11.3.rel1.macos64_1.1.1.202309131626/tools/bin/../lib/gcc/arm-none-eabi/11.3.1/../../../../arm-none-eabi/lib/thumb/v7-m/nofp/libnosys.a
END GROUP
LOAD /Applications/STM32CubeIDE.app/Contents/Eclipse/plugins/com.st.stm32cube.ide.mcu.externaltools.gnu-tools-for-stm32.11.3.rel1.macos64_1.1.1.202309131626/tools/bin/../lib/gcc/arm-none-eabi/11.3.1/thumb/v7-m/nofp/crtend.o
LOAD /Applications/STM32CubeIDE.app/Contents/Eclipse/plugins/com.st.stm32cube.ide.mcu.externaltools.gnu-tools-for-stm32.11.3.rel1.macos64_1.1.1.202309131626/tools/bin/../lib/gcc/arm-none-eabi/11.3.1/thumb/v7-m/nofp/crtn.o
                0x0000000020005000                _estack = (ORIGIN (RAM) + LENGTH (RAM))
                0x0000000000000200                _Min_Heap_Size = 0x200
                0x0000000000000400                _Min_Stack_Size = 0x400

.isr_vector     0x0000000008000000      0x10c
                0x0000000008000000                . = ALIGN (0x4)
 *(.isr_vector)
 .isr_vector    0x0000000008000000      0x10c ./Core/Startup/startup_stm32f103c8tx.o
                0x0000000008000000                g_pfnVectors
                0x000000000800010c                . = ALIGN (0x4)

.text           0x0000000008000110     0xda5c
                0x0000000008000110                . = ALIGN (0x4)
 *(.text)
 .text          0x0000000008000110       0x40 /Applications/STM32CubeIDE.app/Contents/Eclipse/plugins/com.st.stm32cube.ide.mcu.externaltools.gnu-tools-for-stm32.11.3.rel1.macos64_1.1.1.202309131626/tools/bin/../lib/gcc/arm-none-eabi/11.3.1/thumb/v7-m/nofp/crtbegin.o
 .text          0x0000000008000150       0x10 /Applications/STM32CubeIDE.app/Contents/Eclipse/plugins/com.st.stm32cube.ide.mcu.externaltools.gnu-tools-for-stm32.11.3.rel1.macos64_1.1.1.202309131626/tools/bin/../lib/gcc/arm-none-eabi/11.3.1/../../../../arm-none-eabi/lib/thumb/v7-m/nofp/libc_nano.a(libc_a-strlen.o)
                0x0000000008000150                strlen
 .text          0x0000000008000160      0x378 /Applications/STM32CubeIDE.app/Contents/Eclipse/plugins/com.st.stm32cube.ide.mcu.externaltools.gnu-tools-for-stm32.11.3.rel1.macos64_1.1.1.202309131626/tools/bin/../lib/gcc/arm-none-eabi/11.3.1/thumb/v7-m/nofp/libgcc.a(_arm_addsubdf3.o)
                0x0000000008000160                __aeabi_drsub
                0x0000000008000168                __subdf3
                0x0000000008000168                __aeabi_dsub
                0x000000000800016c                __aeabi_dadd
                0x000000000800016c                __adddf3
                0x00000000080003e4                __aeabi_ui2d
                0x00000000080003e4                __floatunsidf
                0x0000000008000404                __floatsidf
                0x0000000008000404                __aeabi_i2d
                0x0000000008000428                __extendsfdf2
                0x0000000008000428                __aeabi_f2d
                0x000000000800046c                __aeabi_ul2d
                0x000000000800046c                __floatundidf
                0x000000000800047c                __aeabi_l2d
                0x000000000800047c                __floatdidf
 .text          0x00000000080004d8      0x424 /Applications/STM32CubeIDE.app/Contents/Eclipse/plugins/com.st.stm32cube.ide.mcu.externaltools.gnu-tools-for-stm32.11.3.rel1.macos64_1.1.1.202309131626/tools/bin/../lib/gcc/arm-none-eabi/11.3.1/thumb/v7-m/nofp/libgcc.a(_arm_muldivdf3.o)
                0x00000000080004d8                __aeabi_dmul
                0x00000000080004d8                __muldf3
                0x000000000800072c                __aeabi_ddiv
                0x000000000800072c                __divdf3
 .text          0x00000000080008fc      0x110 /Applications/STM32CubeIDE.app/Contents/Eclipse/plugins/com.st.stm32cube.ide.mcu.externaltools.gnu-tools-for-stm32.11.3.rel1.macos64_1.1.1.202309131626/tools/bin/../lib/gcc/arm-none-eabi/11.3.1/thumb/v7-m/nofp/libgcc.a(_arm_cmpdf2.o)
                0x00000000080008fc                __gedf2
                0x00000000080008fc                __gtdf2
                0x0000000008000904                __ledf2
                0x0000000008000904                __ltdf2
                0x000000000800090c                __cmpdf2
                0x000000000800090c                __eqdf2
                0x000000000800090c                __nedf2
                0x0000000008000988                __aeabi_cdrcmple
                0x0000000008000998                __aeabi_cdcmple
                0x0000000008000998                __aeabi_cdcmpeq
                0x00000000080009a8                __aeabi_dcmpeq
                0x00000000080009bc                __aeabi_dcmplt
                0x00000000080009d0                __aeabi_dcmple
                0x00000000080009e4                __aeabi_dcmpge
                0x00000000080009f8                __aeabi_dcmpgt
 .text          0x0000000008000a0c       0x2c /Applications/STM32CubeIDE.app/Contents/Eclipse/plugins/com.st.stm32cube.ide.mcu.externaltools.gnu-tools-for-stm32.11.3.rel1.macos64_1.1.1.202309131626/tools/bin/../lib/gcc/arm-none-eabi/11.3.1/thumb/v7-m/nofp/libgcc.a(_arm_unorddf2.o)
                0x0000000008000a0c                __aeabi_dcmpun
                0x0000000008000a0c                __unorddf2
 .text          0x0000000008000a38       0x50 /Applications/STM32CubeIDE.app/Contents/Eclipse/plugins/com.st.stm32cube.ide.mcu.externaltools.gnu-tools-for-stm32.11.3.rel1.macos64_1.1.1.202309131626/tools/bin/../lib/gcc/arm-none-eabi/11.3.1/thumb/v7-m/nofp/libgcc.a(_arm_fixdfsi.o)
                0x0000000008000a38                __fixdfsi
                0x0000000008000a38                __aeabi_d2iz
 .text          0x0000000008000a88       0xa0 /Applications/STM32CubeIDE.app/Contents/Eclipse/plugins/com.st.stm32cube.ide.mcu.externaltools.gnu-tools-for-stm32.11.3.rel1.macos64_1.1.1.202309131626/tools/bin/../lib/gcc/arm-none-eabi/11.3.1/thumb/v7-m/nofp/libgcc.a(_arm_truncdfsf2.o)
                0x0000000008000a88                __aeabi_d2f
                0x0000000008000a88                __truncdfsf2
 .text          0x0000000008000b28      0x21c /Applications/STM32CubeIDE.app/Contents/Eclipse/plugins/com.st.stm32cube.ide.mcu.externaltools.gnu-tools-for-stm32.11.3.rel1.macos64_1.1.1.202309131626/tools/bin/../lib/gcc/arm-none-eabi/11.3.1/thumb/v7-m/nofp/libgcc.a(_arm_addsubsf3.o)
                0x0000000008000b28                __aeabi_frsub
                0x0000000008000b30                __aeabi_fsub
                0x0000000008000b30                __subsf3
                0x0000000008000b34                __aeabi_fadd
                0x0000000008000b34                __addsf3
                0x0000000008000c94                __aeabi_ui2f
                0x0000000008000c94                __floatunsisf
                0x0000000008000c9c                __floatsisf
                0x0000000008000c9c                __aeabi_i2f
                0x0000000008000cb8                __aeabi_ul2f
                0x0000000008000cb8                __floatundisf
                0x0000000008000cc8                __aeabi_l2f
                0x0000000008000cc8                __floatdisf
 .text          0x0000000008000d44      0x2a0 /Applications/STM32CubeIDE.app/Contents/Eclipse/plugins/com.st.stm32cube.ide.mcu.externaltools.gnu-tools-for-stm32.11.3.rel1.macos64_1.1.1.202309131626/tools/bin/../lib/gcc/arm-none-eabi/11.3.1/thumb/v7-m/nofp/libgcc.a(_arm_muldivsf3.o)
                0x0000000008000d44                __mulsf3
                0x0000000008000d44                __aeabi_fmul
                0x0000000008000eac                __divsf3
                0x0000000008000eac                __aeabi_fdiv
 .text          0x0000000008000fe4       0xec /Applications/STM32CubeIDE.app/Contents/Eclipse/plugins/com.st.stm32cube.ide.mcu.externaltools.gnu-tools-for-stm32.11.3.rel1.macos64_1.1.1.202309131626/tools/bin/../lib/gcc/arm-none-eabi/11.3.1/thumb/v7-m/nofp/libgcc.a(_arm_cmpsf2.o)
                0x0000000008000fe4                __gesf2
                0x0000000008000fe4                __gtsf2
                0x0000000008000fec                __ltsf2
                0x0000000008000fec                __lesf2
                0x0000000008000ff4                __nesf2
                0x0000000008000ff4                __eqsf2
                0x0000000008000ff4                __cmpsf2
                0x0000000008001054                __aeabi_cfrcmple
                0x000000000800105c                __aeabi_cfcmpeq
                0x000000000800105c                __aeabi_cfcmple
                0x000000000800106c                __aeabi_fcmpeq
                0x0000000008001080                __aeabi_fcmplt
                0x0000000008001094                __aeabi_fcmple
                0x00000000080010a8                __aeabi_fcmpge
                0x00000000080010bc                __aeabi_fcmpgt
 .text          0x00000000080010d0       0x40 /Applications/STM32CubeIDE.app/Contents/Eclipse/plugins/com.st.stm32cube.ide.mcu.externaltools.gnu-tools-for-stm32.11.3.rel1.macos64_1.1.1.202309131626/tools/bin/../lib/gcc/arm-none-eabi/11.3.1/thumb/v7-m/nofp/libgcc.a(_arm_fixunssfsi.o)
                0x00000000080010d0                __aeabi_f2uiz
                0x00000000080010d0                __fixunssfsi
 *(.text*)
 .text.spiCalcEvenParity
                0x0000000008001110       0x48 ./Core/Src/as5048a.o
                0x0000000008001110                spiCalcEvenParity
 .text.read     0x0000000008001158       0xe4 ./Core/Src/as5048a.o
                0x0000000008001158                read
 .text.ADC_Select_CH0
                0x000000000800123c       0x4a ./Core/Src/current_sense.o
                0x000000000800123c                ADC_Select_CH0
 .text.ADC_Select_CH1
                0x0000000008001286       0x4a ./Core/Src/current_sense.o
                0x0000000008001286                ADC_Select_CH1
 .text.ADC_Select_CH2
                0x00000000080012d0       0x4a ./Core/Src/current_sense.o
                0x00000000080012d0                ADC_Select_CH2
 .text.read_ADC_voltage
                0x000000000800131a       0xf8 ./Core/Src/current_sense.o
                0x000000000800131a                read_ADC_voltage
 .text.calibrateOffsets
                0x0000000008001412       0xa6 ./Core/Src/current_sense.o
                0x0000000008001412                calibrateOffsets
 .text.LowPassFilter_operator
                0x00000000080014b8       0x74 ./Core/Src/lowpass_filter.o
                0x00000000080014b8                LowPassFilter_operator
 *fill*         0x000000000800152c        0x4 
 .text.cal_angular_vel
                0x0000000008001530       0xe0 ./Core/Src/main.o
                0x0000000008001530                cal_angular_vel
 .text.cal_Iq   0x0000000008001610      0x10c ./Core/Src/main.o
                0x0000000008001610                cal_Iq
 *fill*         0x000000000800171c        0x4 
 .text.main     0x0000000008001720      0x1ac ./Core/Src/main.o
                0x0000000008001720                main
 .text.SystemClock_Config
                0x00000000080018cc       0xba ./Core/Src/main.o
                0x00000000080018cc                SystemClock_Config
 *fill*         0x0000000008001986        0x2 
 .text.MX_ADC1_Init
                0x0000000008001988       0xb8 ./Core/Src/main.o
 .text.MX_SPI1_Init
                0x0000000008001a40       0x70 ./Core/Src/main.o
 .text.MX_TIM1_Init
                0x0000000008001ab0      0x170 ./Core/Src/main.o
 .text.MX_TIM2_Init
                0x0000000008001c20       0x98 ./Core/Src/main.o
 .text.MX_GPIO_Init
                0x0000000008001cb8      0x104 ./Core/Src/main.o
 *fill*         0x0000000008001dbc        0x4 
 .text.HAL_TIM_PeriodElapsedCallback
                0x0000000008001dc0      0x2f4 ./Core/Src/main.o
                0x0000000008001dc0                HAL_TIM_PeriodElapsedCallback
 .text.Error_Handler
                0x00000000080020b4        0xc ./Core/Src/main.o
                0x00000000080020b4                Error_Handler
 .text._normalizeAngle
                0x00000000080020c0       0x70 ./Core/Src/motor_control.o
                0x00000000080020c0                _normalizeAngle
 .text._electricalAngle
                0x0000000008002130       0x50 ./Core/Src/motor_control.o
                0x0000000008002130                _electricalAngle
 .text.setPwm   0x0000000008002180      0x240 ./Core/Src/motor_control.o
                0x0000000008002180                setPwm
 .text.setPhaseVoltage
                0x00000000080023c0      0x1d0 ./Core/Src/motor_control.o
                0x00000000080023c0                setPhaseVoltage
 .text.PID_operator
                0x0000000008002590      0x1cc ./Core/Src/pid.o
                0x0000000008002590                PID_operator
 .text.HAL_MspInit
                0x000000000800275c       0x44 ./Core/Src/stm32f1xx_hal_msp.o
                0x000000000800275c                HAL_MspInit
 .text.HAL_ADC_MspInit
                0x00000000080027a0       0x78 ./Core/Src/stm32f1xx_hal_msp.o
                0x00000000080027a0                HAL_ADC_MspInit
 .text.HAL_SPI_MspInit
                0x0000000008002818       0x94 ./Core/Src/stm32f1xx_hal_msp.o
                0x0000000008002818                HAL_SPI_MspInit
 .text.HAL_TIM_Base_MspInit
                0x00000000080028ac       0x70 ./Core/Src/stm32f1xx_hal_msp.o
                0x00000000080028ac                HAL_TIM_Base_MspInit
 .text.HAL_TIM_MspPostInit
                0x000000000800291c       0x68 ./Core/Src/stm32f1xx_hal_msp.o
                0x000000000800291c                HAL_TIM_MspPostInit
 .text.NMI_Handler
                0x0000000008002984        0x6 ./Core/Src/stm32f1xx_it.o
                0x0000000008002984                NMI_Handler
 .text.HardFault_Handler
                0x000000000800298a        0x6 ./Core/Src/stm32f1xx_it.o
                0x000000000800298a                HardFault_Handler
 .text.MemManage_Handler
                0x0000000008002990        0x6 ./Core/Src/stm32f1xx_it.o
                0x0000000008002990                MemManage_Handler
 .text.BusFault_Handler
                0x0000000008002996        0x6 ./Core/Src/stm32f1xx_it.o
                0x0000000008002996                BusFault_Handler
 .text.UsageFault_Handler
                0x000000000800299c        0x6 ./Core/Src/stm32f1xx_it.o
                0x000000000800299c                UsageFault_Handler
 .text.SVC_Handler
                0x00000000080029a2        0xc ./Core/Src/stm32f1xx_it.o
                0x00000000080029a2                SVC_Handler
 .text.DebugMon_Handler
                0x00000000080029ae        0xc ./Core/Src/stm32f1xx_it.o
                0x00000000080029ae                DebugMon_Handler
 .text.PendSV_Handler
                0x00000000080029ba        0xc ./Core/Src/stm32f1xx_it.o
                0x00000000080029ba                PendSV_Handler
 .text.SysTick_Handler
                0x00000000080029c6        0xc ./Core/Src/stm32f1xx_it.o
                0x00000000080029c6                SysTick_Handler
 *fill*         0x00000000080029d2        0x2 
 .text.USB_LP_CAN1_RX0_IRQHandler
                0x00000000080029d4       0x14 ./Core/Src/stm32f1xx_it.o
                0x00000000080029d4                USB_LP_CAN1_RX0_IRQHandler
 .text.TIM2_IRQHandler
                0x00000000080029e8       0x14 ./Core/Src/stm32f1xx_it.o
                0x00000000080029e8                TIM2_IRQHandler
 .text._sbrk    0x00000000080029fc       0x6c ./Core/Src/sysmem.o
                0x00000000080029fc                _sbrk
 .text.SystemInit
                0x0000000008002a68        0xc ./Core/Src/system_stm32f1xx.o
                0x0000000008002a68                SystemInit
 .text.Reset_Handler
                0x0000000008002a74       0x48 ./Core/Startup/startup_stm32f103c8tx.o
                0x0000000008002a74                Reset_Handler
 .text.Default_Handler
                0x0000000008002abc        0x2 ./Core/Startup/startup_stm32f103c8tx.o
                0x0000000008002abc                USBWakeUp_IRQHandler
                0x0000000008002abc                EXTI2_IRQHandler
                0x0000000008002abc                TIM1_CC_IRQHandler
                0x0000000008002abc                PVD_IRQHandler
                0x0000000008002abc                EXTI3_IRQHandler
                0x0000000008002abc                EXTI0_IRQHandler
                0x0000000008002abc                I2C2_EV_IRQHandler
                0x0000000008002abc                ADC1_2_IRQHandler
                0x0000000008002abc                SPI1_IRQHandler
                0x0000000008002abc                TAMPER_IRQHandler
                0x0000000008002abc                DMA1_Channel4_IRQHandler
                0x0000000008002abc                USART3_IRQHandler
                0x0000000008002abc                RTC_IRQHandler
                0x0000000008002abc                DMA1_Channel7_IRQHandler
                0x0000000008002abc                CAN1_RX1_IRQHandler
                0x0000000008002abc                TIM4_IRQHandler
                0x0000000008002abc                I2C1_EV_IRQHandler
                0x0000000008002abc                DMA1_Channel6_IRQHandler
                0x0000000008002abc                TIM3_IRQHandler
                0x0000000008002abc                RCC_IRQHandler
                0x0000000008002abc                TIM1_TRG_COM_IRQHandler
                0x0000000008002abc                DMA1_Channel1_IRQHandler
                0x0000000008002abc                Default_Handler
                0x0000000008002abc                EXTI15_10_IRQHandler
                0x0000000008002abc                EXTI9_5_IRQHandler
                0x0000000008002abc                SPI2_IRQHandler
                0x0000000008002abc                DMA1_Channel5_IRQHandler
                0x0000000008002abc                EXTI4_IRQHandler
                0x0000000008002abc                USB_HP_CAN1_TX_IRQHandler
                0x0000000008002abc                DMA1_Channel3_IRQHandler
                0x0000000008002abc                TIM1_UP_IRQHandler
                0x0000000008002abc                WWDG_IRQHandler
                0x0000000008002abc                TIM1_BRK_IRQHandler
                0x0000000008002abc                EXTI1_IRQHandler
                0x0000000008002abc                USART2_IRQHandler
                0x0000000008002abc                I2C2_ER_IRQHandler
                0x0000000008002abc                DMA1_Channel2_IRQHandler
                0x0000000008002abc                CAN1_SCE_IRQHandler
                0x0000000008002abc                FLASH_IRQHandler
                0x0000000008002abc                USART1_IRQHandler
                0x0000000008002abc                I2C1_ER_IRQHandler
                0x0000000008002abc                RTC_Alarm_IRQHandler
 *fill*         0x0000000008002abe        0x2 
 .text.HAL_Init
                0x0000000008002ac0       0x2c ./Drivers/STM32F1xx_HAL_Driver/Src/stm32f1xx_hal.o
                0x0000000008002ac0                HAL_Init
 .text.HAL_InitTick
                0x0000000008002aec       0x60 ./Drivers/STM32F1xx_HAL_Driver/Src/stm32f1xx_hal.o
                0x0000000008002aec                HAL_InitTick
 .text.HAL_IncTick
                0x0000000008002b4c       0x24 ./Drivers/STM32F1xx_HAL_Driver/Src/stm32f1xx_hal.o
                0x0000000008002b4c                HAL_IncTick
 .text.HAL_GetTick
                0x0000000008002b70       0x14 ./Drivers/STM32F1xx_HAL_Driver/Src/stm32f1xx_hal.o
                0x0000000008002b70                HAL_GetTick
 .text.HAL_Delay
                0x0000000008002b84       0x48 ./Drivers/STM32F1xx_HAL_Driver/Src/stm32f1xx_hal.o
                0x0000000008002b84                HAL_Delay
 .text.HAL_ADC_Init
                0x0000000008002bcc      0x1b0 ./Drivers/STM32F1xx_HAL_Driver/Src/stm32f1xx_hal_adc.o
                0x0000000008002bcc                HAL_ADC_Init
 .text.HAL_ADC_Start
                0x0000000008002d7c      0x15c ./Drivers/STM32F1xx_HAL_Driver/Src/stm32f1xx_hal_adc.o
                0x0000000008002d7c                HAL_ADC_Start
 .text.HAL_ADC_Stop
                0x0000000008002ed8       0x58 ./Drivers/STM32F1xx_HAL_Driver/Src/stm32f1xx_hal_adc.o
                0x0000000008002ed8                HAL_ADC_Stop
 .text.HAL_ADC_PollForConversion
                0x0000000008002f30      0x20c ./Drivers/STM32F1xx_HAL_Driver/Src/stm32f1xx_hal_adc.o
                0x0000000008002f30                HAL_ADC_PollForConversion
 .text.HAL_ADC_GetValue
                0x000000000800313c       0x18 ./Drivers/STM32F1xx_HAL_Driver/Src/stm32f1xx_hal_adc.o
                0x000000000800313c                HAL_ADC_GetValue
 .text.HAL_ADC_ConfigChannel
                0x0000000008003154      0x1f0 ./Drivers/STM32F1xx_HAL_Driver/Src/stm32f1xx_hal_adc.o
                0x0000000008003154                HAL_ADC_ConfigChannel
 .text.ADC_Enable
                0x0000000008003344       0xb4 ./Drivers/STM32F1xx_HAL_Driver/Src/stm32f1xx_hal_adc.o
                0x0000000008003344                ADC_Enable
 .text.ADC_ConversionStop_Disable
                0x00000000080033f8       0x82 ./Drivers/STM32F1xx_HAL_Driver/Src/stm32f1xx_hal_adc.o
                0x00000000080033f8                ADC_ConversionStop_Disable
 *fill*         0x000000000800347a        0x2 
 .text.__NVIC_SetPriorityGrouping
                0x000000000800347c       0x48 ./Drivers/STM32F1xx_HAL_Driver/Src/stm32f1xx_hal_cortex.o
 .text.__NVIC_GetPriorityGrouping
                0x00000000080034c4       0x1c ./Drivers/STM32F1xx_HAL_Driver/Src/stm32f1xx_hal_cortex.o
 .text.__NVIC_EnableIRQ
                0x00000000080034e0       0x38 ./Drivers/STM32F1xx_HAL_Driver/Src/stm32f1xx_hal_cortex.o
 .text.__NVIC_SetPriority
                0x0000000008003518       0x54 ./Drivers/STM32F1xx_HAL_Driver/Src/stm32f1xx_hal_cortex.o
 .text.NVIC_EncodePriority
                0x000000000800356c       0x64 ./Drivers/STM32F1xx_HAL_Driver/Src/stm32f1xx_hal_cortex.o
 .text.SysTick_Config
                0x00000000080035d0       0x44 ./Drivers/STM32F1xx_HAL_Driver/Src/stm32f1xx_hal_cortex.o
 .text.HAL_NVIC_SetPriorityGrouping
                0x0000000008003614       0x16 ./Drivers/STM32F1xx_HAL_Driver/Src/stm32f1xx_hal_cortex.o
                0x0000000008003614                HAL_NVIC_SetPriorityGrouping
 .text.HAL_NVIC_SetPriority
                0x000000000800362a       0x38 ./Drivers/STM32F1xx_HAL_Driver/Src/stm32f1xx_hal_cortex.o
                0x000000000800362a                HAL_NVIC_SetPriority
 .text.HAL_NVIC_EnableIRQ
                0x0000000008003662       0x1c ./Drivers/STM32F1xx_HAL_Driver/Src/stm32f1xx_hal_cortex.o
                0x0000000008003662                HAL_NVIC_EnableIRQ
 .text.HAL_SYSTICK_Config
                0x000000000800367e       0x18 ./Drivers/STM32F1xx_HAL_Driver/Src/stm32f1xx_hal_cortex.o
                0x000000000800367e                HAL_SYSTICK_Config
 *fill*         0x0000000008003696        0x2 
 .text.HAL_GPIO_Init
                0x0000000008003698      0x308 ./Drivers/STM32F1xx_HAL_Driver/Src/stm32f1xx_hal_gpio.o
                0x0000000008003698                HAL_GPIO_Init
 .text.HAL_GPIO_WritePin
                0x00000000080039a0       0x30 ./Drivers/STM32F1xx_HAL_Driver/Src/stm32f1xx_hal_gpio.o
                0x00000000080039a0                HAL_GPIO_WritePin
 .text.HAL_GPIO_TogglePin
                0x00000000080039d0       0x32 ./Drivers/STM32F1xx_HAL_Driver/Src/stm32f1xx_hal_gpio.o
                0x00000000080039d0                HAL_GPIO_TogglePin
 .text.HAL_PCD_Init
                0x0000000008003a02      0x1fe ./Drivers/STM32F1xx_HAL_Driver/Src/stm32f1xx_hal_pcd.o
                0x0000000008003a02                HAL_PCD_Init
 .text.HAL_PCD_Start
                0x0000000008003c00       0x4c ./Drivers/STM32F1xx_HAL_Driver/Src/stm32f1xx_hal_pcd.o
                0x0000000008003c00                HAL_PCD_Start
 .text.HAL_PCD_IRQHandler
                0x0000000008003c4c      0x260 ./Drivers/STM32F1xx_HAL_Driver/Src/stm32f1xx_hal_pcd.o
                0x0000000008003c4c                HAL_PCD_IRQHandler
 .text.HAL_PCD_SetAddress
                0x0000000008003eac       0x4a ./Drivers/STM32F1xx_HAL_Driver/Src/stm32f1xx_hal_pcd.o
                0x0000000008003eac                HAL_PCD_SetAddress
 .text.HAL_PCD_EP_Open
                0x0000000008003ef6       0xba ./Drivers/STM32F1xx_HAL_Driver/Src/stm32f1xx_hal_pcd.o
                0x0000000008003ef6                HAL_PCD_EP_Open
 .text.HAL_PCD_EP_Close
                0x0000000008003fb0       0x90 ./Drivers/STM32F1xx_HAL_Driver/Src/stm32f1xx_hal_pcd.o
                0x0000000008003fb0                HAL_PCD_EP_Close
 .text.HAL_PCD_EP_Receive
                0x0000000008004040       0x62 ./Drivers/STM32F1xx_HAL_Driver/Src/stm32f1xx_hal_pcd.o
                0x0000000008004040                HAL_PCD_EP_Receive
 .text.HAL_PCD_EP_GetRxCount
                0x00000000080040a2       0x2e ./Drivers/STM32F1xx_HAL_Driver/Src/stm32f1xx_hal_pcd.o
                0x00000000080040a2                HAL_PCD_EP_GetRxCount
 .text.HAL_PCD_EP_Transmit
                0x00000000080040d0       0x6e ./Drivers/STM32F1xx_HAL_Driver/Src/stm32f1xx_hal_pcd.o
                0x00000000080040d0                HAL_PCD_EP_Transmit
 .text.HAL_PCD_EP_SetStall
                0x000000000800413e       0xc0 ./Drivers/STM32F1xx_HAL_Driver/Src/stm32f1xx_hal_pcd.o
                0x000000000800413e                HAL_PCD_EP_SetStall
 .text.HAL_PCD_EP_ClrStall
                0x00000000080041fe       0xa8 ./Drivers/STM32F1xx_HAL_Driver/Src/stm32f1xx_hal_pcd.o
                0x00000000080041fe                HAL_PCD_EP_ClrStall
 .text.PCD_EP_ISR_Handler
                0x00000000080042a6      0x7a6 ./Drivers/STM32F1xx_HAL_Driver/Src/stm32f1xx_hal_pcd.o
 .text.HAL_PCD_EP_DB_Receive
                0x0000000008004a4c      0x21a ./Drivers/STM32F1xx_HAL_Driver/Src/stm32f1xx_hal_pcd.o
 .text.HAL_PCD_EP_DB_Transmit
                0x0000000008004c66      0x7f4 ./Drivers/STM32F1xx_HAL_Driver/Src/stm32f1xx_hal_pcd.o
 .text.HAL_PCDEx_PMAConfig
                0x000000000800545a       0x84 ./Drivers/STM32F1xx_HAL_Driver/Src/stm32f1xx_hal_pcd_ex.o
                0x000000000800545a                HAL_PCDEx_PMAConfig
 *fill*         0x00000000080054de        0x2 
 .text.HAL_RCC_OscConfig
                0x00000000080054e0      0x504 ./Drivers/STM32F1xx_HAL_Driver/Src/stm32f1xx_hal_rcc.o
                0x00000000080054e0                HAL_RCC_OscConfig
 .text.HAL_RCC_ClockConfig
                0x00000000080059e4      0x1d4 ./Drivers/STM32F1xx_HAL_Driver/Src/stm32f1xx_hal_rcc.o
                0x00000000080059e4                HAL_RCC_ClockConfig
 .text.HAL_RCC_GetSysClockFreq
                0x0000000008005bb8       0xa8 ./Drivers/STM32F1xx_HAL_Driver/Src/stm32f1xx_hal_rcc.o
                0x0000000008005bb8                HAL_RCC_GetSysClockFreq
 .text.HAL_RCC_GetHCLKFreq
                0x0000000008005c60       0x14 ./Drivers/STM32F1xx_HAL_Driver/Src/stm32f1xx_hal_rcc.o
                0x0000000008005c60                HAL_RCC_GetHCLKFreq
 .text.HAL_RCC_GetPCLK2Freq
                0x0000000008005c74       0x28 ./Drivers/STM32F1xx_HAL_Driver/Src/stm32f1xx_hal_rcc.o
                0x0000000008005c74                HAL_RCC_GetPCLK2Freq
 .text.RCC_Delay
                0x0000000008005c9c       0x3c ./Drivers/STM32F1xx_HAL_Driver/Src/stm32f1xx_hal_rcc.o
 .text.HAL_RCCEx_PeriphCLKConfig
                0x0000000008005cd8      0x16c ./Drivers/STM32F1xx_HAL_Driver/Src/stm32f1xx_hal_rcc_ex.o
                0x0000000008005cd8                HAL_RCCEx_PeriphCLKConfig
 .text.HAL_RCCEx_GetPeriphCLKFreq
                0x0000000008005e44      0x16c ./Drivers/STM32F1xx_HAL_Driver/Src/stm32f1xx_hal_rcc_ex.o
                0x0000000008005e44                HAL_RCCEx_GetPeriphCLKFreq
 .text.HAL_SPI_Init
                0x0000000008005fb0      0x108 ./Drivers/STM32F1xx_HAL_Driver/Src/stm32f1xx_hal_spi.o
                0x0000000008005fb0                HAL_SPI_Init
 .text.HAL_SPI_Transmit
                0x00000000080060b8      0x286 ./Drivers/STM32F1xx_HAL_Driver/Src/stm32f1xx_hal_spi.o
                0x00000000080060b8                HAL_SPI_Transmit
 .text.HAL_SPI_TransmitReceive
                0x000000000800633e      0x360 ./Drivers/STM32F1xx_HAL_Driver/Src/stm32f1xx_hal_spi.o
                0x000000000800633e                HAL_SPI_TransmitReceive
 .text.HAL_SPI_GetState
                0x000000000800669e       0x1a ./Drivers/STM32F1xx_HAL_Driver/Src/stm32f1xx_hal_spi.o
                0x000000000800669e                HAL_SPI_GetState
 .text.SPI_WaitFlagStateUntilTimeout
                0x00000000080066b8      0x110 ./Drivers/STM32F1xx_HAL_Driver/Src/stm32f1xx_hal_spi.o
 .text.SPI_EndRxTxTransaction
                0x00000000080067c8       0x3c ./Drivers/STM32F1xx_HAL_Driver/Src/stm32f1xx_hal_spi.o
 .text.HAL_TIM_Base_Init
                0x0000000008006804       0x9e ./Drivers/STM32F1xx_HAL_Driver/Src/stm32f1xx_hal_tim.o
                0x0000000008006804                HAL_TIM_Base_Init
 *fill*         0x00000000080068a2        0x2 
 .text.HAL_TIM_Base_Start_IT
                0x00000000080068a4       0xa4 ./Drivers/STM32F1xx_HAL_Driver/Src/stm32f1xx_hal_tim.o
                0x00000000080068a4                HAL_TIM_Base_Start_IT
 .text.HAL_TIM_PWM_Init
                0x0000000008006948       0x9e ./Drivers/STM32F1xx_HAL_Driver/Src/stm32f1xx_hal_tim.o
                0x0000000008006948                HAL_TIM_PWM_Init
 .text.HAL_TIM_PWM_MspInit
                0x00000000080069e6       0x12 ./Drivers/STM32F1xx_HAL_Driver/Src/stm32f1xx_hal_tim.o
                0x00000000080069e6                HAL_TIM_PWM_MspInit
 .text.HAL_TIM_PWM_Start
                0x00000000080069f8      0x144 ./Drivers/STM32F1xx_HAL_Driver/Src/stm32f1xx_hal_tim.o
                0x00000000080069f8                HAL_TIM_PWM_Start
 .text.HAL_TIM_IRQHandler
                0x0000000008006b3c      0x210 ./Drivers/STM32F1xx_HAL_Driver/Src/stm32f1xx_hal_tim.o
                0x0000000008006b3c                HAL_TIM_IRQHandler
 .text.HAL_TIM_PWM_ConfigChannel
                0x0000000008006d4c      0x184 ./Drivers/STM32F1xx_HAL_Driver/Src/stm32f1xx_hal_tim.o
                0x0000000008006d4c                HAL_TIM_PWM_ConfigChannel
 .text.HAL_TIM_ConfigClockSource
                0x0000000008006ed0      0x18e ./Drivers/STM32F1xx_HAL_Driver/Src/stm32f1xx_hal_tim.o
                0x0000000008006ed0                HAL_TIM_ConfigClockSource
 .text.HAL_TIM_OC_DelayElapsedCallback
                0x000000000800705e       0x12 ./Drivers/STM32F1xx_HAL_Driver/Src/stm32f1xx_hal_tim.o
                0x000000000800705e                HAL_TIM_OC_DelayElapsedCallback
 .text.HAL_TIM_IC_CaptureCallback
                0x0000000008007070       0x12 ./Drivers/STM32F1xx_HAL_Driver/Src/stm32f1xx_hal_tim.o
                0x0000000008007070                HAL_TIM_IC_CaptureCallback
 .text.HAL_TIM_PWM_PulseFinishedCallback
                0x0000000008007082       0x12 ./Drivers/STM32F1xx_HAL_Driver/Src/stm32f1xx_hal_tim.o
                0x0000000008007082                HAL_TIM_PWM_PulseFinishedCallback
 .text.HAL_TIM_TriggerCallback
                0x0000000008007094       0x12 ./Drivers/STM32F1xx_HAL_Driver/Src/stm32f1xx_hal_tim.o
                0x0000000008007094                HAL_TIM_TriggerCallback
 *fill*         0x00000000080070a6        0x2 
 .text.TIM_Base_SetConfig
                0x00000000080070a8       0xc4 ./Drivers/STM32F1xx_HAL_Driver/Src/stm32f1xx_hal_tim.o
                0x00000000080070a8                TIM_Base_SetConfig
 .text.TIM_OC1_SetConfig
                0x000000000800716c       0xcc ./Drivers/STM32F1xx_HAL_Driver/Src/stm32f1xx_hal_tim.o
 .text.TIM_OC2_SetConfig
                0x0000000008007238       0xd4 ./Drivers/STM32F1xx_HAL_Driver/Src/stm32f1xx_hal_tim.o
                0x0000000008007238                TIM_OC2_SetConfig
 .text.TIM_OC3_SetConfig
                0x000000000800730c       0xd4 ./Drivers/STM32F1xx_HAL_Driver/Src/stm32f1xx_hal_tim.o
 .text.TIM_OC4_SetConfig
                0x00000000080073e0       0x9c ./Drivers/STM32F1xx_HAL_Driver/Src/stm32f1xx_hal_tim.o
 .text.TIM_TI1_ConfigInputStage
                0x000000000800747c       0x5c ./Drivers/STM32F1xx_HAL_Driver/Src/stm32f1xx_hal_tim.o
 .text.TIM_TI2_ConfigInputStage
                0x00000000080074d8       0x5e ./Drivers/STM32F1xx_HAL_Driver/Src/stm32f1xx_hal_tim.o
 .text.TIM_ITRx_SetConfig
                0x0000000008007536       0x34 ./Drivers/STM32F1xx_HAL_Driver/Src/stm32f1xx_hal_tim.o
 .text.TIM_ETR_SetConfig
                0x000000000800756a       0x3e ./Drivers/STM32F1xx_HAL_Driver/Src/stm32f1xx_hal_tim.o
                0x000000000800756a                TIM_ETR_SetConfig
 .text.TIM_CCxChannelCmd
                0x00000000080075a8       0x48 ./Drivers/STM32F1xx_HAL_Driver/Src/stm32f1xx_hal_tim.o
                0x00000000080075a8                TIM_CCxChannelCmd
 .text.HAL_TIMEx_MasterConfigSynchronization
                0x00000000080075f0       0xbc ./Drivers/STM32F1xx_HAL_Driver/Src/stm32f1xx_hal_tim_ex.o
                0x00000000080075f0                HAL_TIMEx_MasterConfigSynchronization
 .text.HAL_TIMEx_ConfigBreakDeadTime
                0x00000000080076ac       0xa2 ./Drivers/STM32F1xx_HAL_Driver/Src/stm32f1xx_hal_tim_ex.o
                0x00000000080076ac                HAL_TIMEx_ConfigBreakDeadTime
 .text.HAL_TIMEx_CommutCallback
                0x000000000800774e       0x12 ./Drivers/STM32F1xx_HAL_Driver/Src/stm32f1xx_hal_tim_ex.o
                0x000000000800774e                HAL_TIMEx_CommutCallback
 .text.HAL_TIMEx_BreakCallback
                0x0000000008007760       0x12 ./Drivers/STM32F1xx_HAL_Driver/Src/stm32f1xx_hal_tim_ex.o
                0x0000000008007760                HAL_TIMEx_BreakCallback
 .text.USB_CoreInit
                0x0000000008007772       0x20 ./Drivers/STM32F1xx_HAL_Driver/Src/stm32f1xx_ll_usb.o
                0x0000000008007772                USB_CoreInit
 .text.USB_EnableGlobalInt
                0x0000000008007792       0x2c ./Drivers/STM32F1xx_HAL_Driver/Src/stm32f1xx_ll_usb.o
                0x0000000008007792                USB_EnableGlobalInt
 .text.USB_DisableGlobalInt
                0x00000000080077be       0x34 ./Drivers/STM32F1xx_HAL_Driver/Src/stm32f1xx_ll_usb.o
                0x00000000080077be                USB_DisableGlobalInt
 .text.USB_SetCurrentMode
                0x00000000080077f2       0x18 ./Drivers/STM32F1xx_HAL_Driver/Src/stm32f1xx_ll_usb.o
                0x00000000080077f2                USB_SetCurrentMode
 .text.USB_DevInit
                0x000000000800780a       0x40 ./Drivers/STM32F1xx_HAL_Driver/Src/stm32f1xx_ll_usb.o
                0x000000000800780a                USB_DevInit
 *fill*         0x000000000800784a        0x2 
 .text.USB_ActivateEndpoint
                0x000000000800784c      0x780 ./Drivers/STM32F1xx_HAL_Driver/Src/stm32f1xx_ll_usb.o
                0x000000000800784c                USB_ActivateEndpoint
 .text.USB_DeactivateEndpoint
                0x0000000008007fcc      0x3d8 ./Drivers/STM32F1xx_HAL_Driver/Src/stm32f1xx_ll_usb.o
                0x0000000008007fcc                USB_DeactivateEndpoint
 .text.USB_EPStartXfer
                0x00000000080083a4     0x1762 ./Drivers/STM32F1xx_HAL_Driver/Src/stm32f1xx_ll_usb.o
                0x00000000080083a4                USB_EPStartXfer
 .text.USB_EPSetStall
                0x0000000008009b06       0xa0 ./Drivers/STM32F1xx_HAL_Driver/Src/stm32f1xx_ll_usb.o
                0x0000000008009b06                USB_EPSetStall
 .text.USB_EPClearStall
                0x0000000008009ba6      0x15a ./Drivers/STM32F1xx_HAL_Driver/Src/stm32f1xx_ll_usb.o
                0x0000000008009ba6                USB_EPClearStall
 .text.USB_SetDevAddress
                0x0000000008009d00       0x26 ./Drivers/STM32F1xx_HAL_Driver/Src/stm32f1xx_ll_usb.o
                0x0000000008009d00                USB_SetDevAddress
 .text.USB_DevConnect
                0x0000000008009d26       0x14 ./Drivers/STM32F1xx_HAL_Driver/Src/stm32f1xx_ll_usb.o
                0x0000000008009d26                USB_DevConnect
 .text.USB_DevDisconnect
                0x0000000008009d3a       0x14 ./Drivers/STM32F1xx_HAL_Driver/Src/stm32f1xx_ll_usb.o
                0x0000000008009d3a                USB_DevDisconnect
 .text.USB_ReadInterrupts
                0x0000000008009d4e       0x1e ./Drivers/STM32F1xx_HAL_Driver/Src/stm32f1xx_ll_usb.o
                0x0000000008009d4e                USB_ReadInterrupts
 .text.USB_EP0_OutStart
                0x0000000008009d6c       0x16 ./Drivers/STM32F1xx_HAL_Driver/Src/stm32f1xx_ll_usb.o
                0x0000000008009d6c                USB_EP0_OutStart
 .text.USB_WritePMA
                0x0000000008009d82       0x8a ./Drivers/STM32F1xx_HAL_Driver/Src/stm32f1xx_ll_usb.o
                0x0000000008009d82                USB_WritePMA
 .text.USB_ReadPMA
                0x0000000008009e0c       0x9e ./Drivers/STM32F1xx_HAL_Driver/Src/stm32f1xx_ll_usb.o
                0x0000000008009e0c                USB_ReadPMA
 .text.USBD_CDC_Init
                0x0000000008009eaa       0xf4 ./Middlewares/ST/STM32_USB_Device_Library/Class/CDC/Src/usbd_cdc.o
 .text.USBD_CDC_DeInit
                0x0000000008009f9e       0x6e ./Middlewares/ST/STM32_USB_Device_Library/Class/CDC/Src/usbd_cdc.o
 .text.USBD_CDC_Setup
                0x000000000800a00c      0x146 ./Middlewares/ST/STM32_USB_Device_Library/Class/CDC/Src/usbd_cdc.o
 .text.USBD_CDC_DataIn
                0x000000000800a152       0xa6 ./Middlewares/ST/STM32_USB_Device_Library/Class/CDC/Src/usbd_cdc.o
 .text.USBD_CDC_DataOut
                0x000000000800a1f8       0x56 ./Middlewares/ST/STM32_USB_Device_Library/Class/CDC/Src/usbd_cdc.o
 .text.USBD_CDC_EP0_RxReady
                0x000000000800a24e       0x50 ./Middlewares/ST/STM32_USB_Device_Library/Class/CDC/Src/usbd_cdc.o
 *fill*         0x000000000800a29e        0x2 
 .text.USBD_CDC_GetFSCfgDesc
                0x000000000800a2a0       0x20 ./Middlewares/ST/STM32_USB_Device_Library/Class/CDC/Src/usbd_cdc.o
 .text.USBD_CDC_GetHSCfgDesc
                0x000000000800a2c0       0x20 ./Middlewares/ST/STM32_USB_Device_Library/Class/CDC/Src/usbd_cdc.o
 .text.USBD_CDC_GetOtherSpeedCfgDesc
                0x000000000800a2e0       0x20 ./Middlewares/ST/STM32_USB_Device_Library/Class/CDC/Src/usbd_cdc.o
 .text.USBD_CDC_GetDeviceQualifierDescriptor
                0x000000000800a300       0x20 ./Middlewares/ST/STM32_USB_Device_Library/Class/CDC/Src/usbd_cdc.o
                0x000000000800a300                USBD_CDC_GetDeviceQualifierDescriptor
 .text.USBD_CDC_RegisterInterface
                0x000000000800a320       0x2c ./Middlewares/ST/STM32_USB_Device_Library/Class/CDC/Src/usbd_cdc.o
                0x000000000800a320                USBD_CDC_RegisterInterface
 .text.USBD_CDC_SetTxBuffer
                0x000000000800a34c       0x32 ./Middlewares/ST/STM32_USB_Device_Library/Class/CDC/Src/usbd_cdc.o
                0x000000000800a34c                USBD_CDC_SetTxBuffer
 .text.USBD_CDC_SetRxBuffer
                0x000000000800a37e       0x26 ./Middlewares/ST/STM32_USB_Device_Library/Class/CDC/Src/usbd_cdc.o
                0x000000000800a37e                USBD_CDC_SetRxBuffer
 .text.USBD_CDC_TransmitPacket
                0x000000000800a3a4       0x5e ./Middlewares/ST/STM32_USB_Device_Library/Class/CDC/Src/usbd_cdc.o
                0x000000000800a3a4                USBD_CDC_TransmitPacket
 .text.USBD_CDC_ReceivePacket
                0x000000000800a402       0x54 ./Middlewares/ST/STM32_USB_Device_Library/Class/CDC/Src/usbd_cdc.o
                0x000000000800a402                USBD_CDC_ReceivePacket
 .text.USBD_Init
                0x000000000800a456       0x56 ./Middlewares/ST/STM32_USB_Device_Library/Core/Src/usbd_core.o
                0x000000000800a456                USBD_Init
 .text.USBD_RegisterClass
                0x000000000800a4ac       0x32 ./Middlewares/ST/STM32_USB_Device_Library/Core/Src/usbd_core.o
                0x000000000800a4ac                USBD_RegisterClass
 .text.USBD_Start
                0x000000000800a4de       0x18 ./Middlewares/ST/STM32_USB_Device_Library/Core/Src/usbd_core.o
                0x000000000800a4de                USBD_Start
 .text.USBD_RunTestMode
                0x000000000800a4f6       0x14 ./Middlewares/ST/STM32_USB_Device_Library/Core/Src/usbd_core.o
                0x000000000800a4f6                USBD_RunTestMode
 .text.USBD_SetClassConfig
                0x000000000800a50a       0x3e ./Middlewares/ST/STM32_USB_Device_Library/Core/Src/usbd_core.o
                0x000000000800a50a                USBD_SetClassConfig
 .text.USBD_ClrClassConfig
                0x000000000800a548       0x26 ./Middlewares/ST/STM32_USB_Device_Library/Core/Src/usbd_core.o
                0x000000000800a548                USBD_ClrClassConfig
 .text.USBD_LL_SetupStage
                0x000000000800a56e       0x9a ./Middlewares/ST/STM32_USB_Device_Library/Core/Src/usbd_core.o
                0x000000000800a56e                USBD_LL_SetupStage
 .text.USBD_LL_DataOutStage
                0x000000000800a608       0xe2 ./Middlewares/ST/STM32_USB_Device_Library/Core/Src/usbd_core.o
                0x000000000800a608                USBD_LL_DataOutStage
 .text.USBD_LL_DataInStage
                0x000000000800a6ea      0x14a ./Middlewares/ST/STM32_USB_Device_Library/Core/Src/usbd_core.o
                0x000000000800a6ea                USBD_LL_DataInStage
 .text.USBD_LL_Reset
                0x000000000800a834       0x82 ./Middlewares/ST/STM32_USB_Device_Library/Core/Src/usbd_core.o
                0x000000000800a834                USBD_LL_Reset
 .text.USBD_LL_SetSpeed
                0x000000000800a8b6       0x1e ./Middlewares/ST/STM32_USB_Device_Library/Core/Src/usbd_core.o
                0x000000000800a8b6                USBD_LL_SetSpeed
 .text.USBD_LL_Suspend
                0x000000000800a8d4       0x28 ./Middlewares/ST/STM32_USB_Device_Library/Core/Src/usbd_core.o
                0x000000000800a8d4                USBD_LL_Suspend
 .text.USBD_LL_Resume
                0x000000000800a8fc       0x2a ./Middlewares/ST/STM32_USB_Device_Library/Core/Src/usbd_core.o
                0x000000000800a8fc                USBD_LL_Resume
 .text.USBD_LL_SOF
                0x000000000800a926       0x34 ./Middlewares/ST/STM32_USB_Device_Library/Core/Src/usbd_core.o
                0x000000000800a926                USBD_LL_SOF
 *fill*         0x000000000800a95a        0x2 
 .text.USBD_StdDevReq
                0x000000000800a95c       0xd4 ./Middlewares/ST/STM32_USB_Device_Library/Core/Src/usbd_ctlreq.o
                0x000000000800a95c                USBD_StdDevReq
 .text.USBD_StdItfReq
                0x000000000800aa30       0x90 ./Middlewares/ST/STM32_USB_Device_Library/Core/Src/usbd_ctlreq.o
                0x000000000800aa30                USBD_StdItfReq
 .text.USBD_StdEPReq
                0x000000000800aac0      0x2c6 ./Middlewares/ST/STM32_USB_Device_Library/Core/Src/usbd_ctlreq.o
                0x000000000800aac0                USBD_StdEPReq
 *fill*         0x000000000800ad86        0x2 
 .text.USBD_GetDescriptor
                0x000000000800ad88      0x2d0 ./Middlewares/ST/STM32_USB_Device_Library/Core/Src/usbd_ctlreq.o
 .text.USBD_SetAddress
                0x000000000800b058       0x86 ./Middlewares/ST/STM32_USB_Device_Library/Core/Src/usbd_ctlreq.o
 *fill*         0x000000000800b0de        0x2 
 .text.USBD_SetConfig
                0x000000000800b0e0      0x11c ./Middlewares/ST/STM32_USB_Device_Library/Core/Src/usbd_ctlreq.o
 .text.USBD_GetConfig
                0x000000000800b1fc       0x6a ./Middlewares/ST/STM32_USB_Device_Library/Core/Src/usbd_ctlreq.o
 .text.USBD_GetStatus
                0x000000000800b266       0x66 ./Middlewares/ST/STM32_USB_Device_Library/Core/Src/usbd_ctlreq.o
 .text.USBD_SetFeature
                0x000000000800b2cc       0x28 ./Middlewares/ST/STM32_USB_Device_Library/Core/Src/usbd_ctlreq.o
 .text.USBD_ClrFeature
                0x000000000800b2f4       0x42 ./Middlewares/ST/STM32_USB_Device_Library/Core/Src/usbd_ctlreq.o
 .text.USBD_ParseSetupRequest
                0x000000000800b336       0x78 ./Middlewares/ST/STM32_USB_Device_Library/Core/Src/usbd_ctlreq.o
                0x000000000800b336                USBD_ParseSetupRequest
 .text.USBD_CtlError
                0x000000000800b3ae       0x22 ./Middlewares/ST/STM32_USB_Device_Library/Core/Src/usbd_ctlreq.o
                0x000000000800b3ae                USBD_CtlError
 .text.USBD_GetString
                0x000000000800b3d0       0x84 ./Middlewares/ST/STM32_USB_Device_Library/Core/Src/usbd_ctlreq.o
                0x000000000800b3d0                USBD_GetString
 .text.USBD_GetLen
                0x000000000800b454       0x2e ./Middlewares/ST/STM32_USB_Device_Library/Core/Src/usbd_ctlreq.o
 .text.USBD_CtlSendData
                0x000000000800b482       0x38 ./Middlewares/ST/STM32_USB_Device_Library/Core/Src/usbd_ioreq.o
                0x000000000800b482                USBD_CtlSendData
 .text.USBD_CtlContinueSendData
                0x000000000800b4ba       0x24 ./Middlewares/ST/STM32_USB_Device_Library/Core/Src/usbd_ioreq.o
                0x000000000800b4ba                USBD_CtlContinueSendData
 .text.USBD_CtlPrepareRx
                0x000000000800b4de       0x3c ./Middlewares/ST/STM32_USB_Device_Library/Core/Src/usbd_ioreq.o
                0x000000000800b4de                USBD_CtlPrepareRx
 .text.USBD_CtlContinueRx
                0x000000000800b51a       0x24 ./Middlewares/ST/STM32_USB_Device_Library/Core/Src/usbd_ioreq.o
                0x000000000800b51a                USBD_CtlContinueRx
 .text.USBD_CtlSendStatus
                0x000000000800b53e       0x26 ./Middlewares/ST/STM32_USB_Device_Library/Core/Src/usbd_ioreq.o
                0x000000000800b53e                USBD_CtlSendStatus
 .text.USBD_CtlReceiveStatus
                0x000000000800b564       0x26 ./Middlewares/ST/STM32_USB_Device_Library/Core/Src/usbd_ioreq.o
                0x000000000800b564                USBD_CtlReceiveStatus
 *fill*         0x000000000800b58a        0x2 
 .text.MX_USB_DEVICE_Init
                0x000000000800b58c       0x60 ./USB_DEVICE/App/usb_device.o
                0x000000000800b58c                MX_USB_DEVICE_Init
 .text.CDC_Init_FS
                0x000000000800b5ec       0x28 ./USB_DEVICE/App/usbd_cdc_if.o
 .text.CDC_DeInit_FS
                0x000000000800b614        0xe ./USB_DEVICE/App/usbd_cdc_if.o
 *fill*         0x000000000800b622        0x2 
 .text.CDC_Control_FS
                0x000000000800b624       0xbc ./USB_DEVICE/App/usbd_cdc_if.o
 .text.CDC_Receive_FS
                0x000000000800b6e0       0x28 ./USB_DEVICE/App/usbd_cdc_if.o
 .text.CDC_Transmit_FS
                0x000000000800b708       0x4c ./USB_DEVICE/App/usbd_cdc_if.o
                0x000000000800b708                CDC_Transmit_FS
 .text.USBD_FS_DeviceDescriptor
                0x000000000800b754       0x24 ./USB_DEVICE/App/usbd_desc.o
                0x000000000800b754                USBD_FS_DeviceDescriptor
 .text.USBD_FS_LangIDStrDescriptor
                0x000000000800b778       0x24 ./USB_DEVICE/App/usbd_desc.o
                0x000000000800b778                USBD_FS_LangIDStrDescriptor
 .text.USBD_FS_ProductStrDescriptor
                0x000000000800b79c       0x3c ./USB_DEVICE/App/usbd_desc.o
                0x000000000800b79c                USBD_FS_ProductStrDescriptor
 .text.USBD_FS_ManufacturerStrDescriptor
                0x000000000800b7d8       0x28 ./USB_DEVICE/App/usbd_desc.o
                0x000000000800b7d8                USBD_FS_ManufacturerStrDescriptor
 .text.USBD_FS_SerialStrDescriptor
                0x000000000800b800       0x24 ./USB_DEVICE/App/usbd_desc.o
                0x000000000800b800                USBD_FS_SerialStrDescriptor
 .text.USBD_FS_ConfigStrDescriptor
                0x000000000800b824       0x3c ./USB_DEVICE/App/usbd_desc.o
                0x000000000800b824                USBD_FS_ConfigStrDescriptor
 .text.USBD_FS_InterfaceStrDescriptor
                0x000000000800b860       0x3c ./USB_DEVICE/App/usbd_desc.o
                0x000000000800b860                USBD_FS_InterfaceStrDescriptor
 .text.Get_SerialNum
                0x000000000800b89c       0x58 ./USB_DEVICE/App/usbd_desc.o
 .text.IntToUnicode
                0x000000000800b8f4       0x7c ./USB_DEVICE/App/usbd_desc.o
 .text.HAL_PCD_MspInit
                0x000000000800b970       0x4c ./USB_DEVICE/Target/usbd_conf.o
                0x000000000800b970                HAL_PCD_MspInit
 .text.HAL_PCD_SetupStageCallback
                0x000000000800b9bc       0x24 ./USB_DEVICE/Target/usbd_conf.o
                0x000000000800b9bc                HAL_PCD_SetupStageCallback
 .text.HAL_PCD_DataOutStageCallback
                0x000000000800b9e0       0x36 ./USB_DEVICE/Target/usbd_conf.o
                0x000000000800b9e0                HAL_PCD_DataOutStageCallback
 .text.HAL_PCD_DataInStageCallback
                0x000000000800ba16       0x34 ./USB_DEVICE/Target/usbd_conf.o
                0x000000000800ba16                HAL_PCD_DataInStageCallback
 .text.HAL_PCD_SOFCallback
                0x000000000800ba4a       0x1c ./USB_DEVICE/Target/usbd_conf.o
                0x000000000800ba4a                HAL_PCD_SOFCallback
 .text.HAL_PCD_ResetCallback
                0x000000000800ba66       0x3c ./USB_DEVICE/Target/usbd_conf.o
                0x000000000800ba66                HAL_PCD_ResetCallback
 *fill*         0x000000000800baa2        0x2 
 .text.HAL_PCD_SuspendCallback
                0x000000000800baa4       0x34 ./USB_DEVICE/Target/usbd_conf.o
                0x000000000800baa4                HAL_PCD_SuspendCallback
 .text.HAL_PCD_ResumeCallback
                0x000000000800bad8       0x1c ./USB_DEVICE/Target/usbd_conf.o
                0x000000000800bad8                HAL_PCD_ResumeCallback
 .text.USBD_LL_Init
                0x000000000800baf4       0xb4 ./USB_DEVICE/Target/usbd_conf.o
                0x000000000800baf4                USBD_LL_Init
 .text.USBD_LL_Start
                0x000000000800bba8       0x36 ./USB_DEVICE/Target/usbd_conf.o
                0x000000000800bba8                USBD_LL_Start
 .text.USBD_LL_OpenEP
                0x000000000800bbde       0x4c ./USB_DEVICE/Target/usbd_conf.o
                0x000000000800bbde                USBD_LL_OpenEP
 .text.USBD_LL_CloseEP
                0x000000000800bc2a       0x3e ./USB_DEVICE/Target/usbd_conf.o
                0x000000000800bc2a                USBD_LL_CloseEP
 .text.USBD_LL_StallEP
                0x000000000800bc68       0x3e ./USB_DEVICE/Target/usbd_conf.o
                0x000000000800bc68                USBD_LL_StallEP
 .text.USBD_LL_ClearStallEP
                0x000000000800bca6       0x3e ./USB_DEVICE/Target/usbd_conf.o
                0x000000000800bca6                USBD_LL_ClearStallEP
 .text.USBD_LL_IsStallEP
                0x000000000800bce4       0x58 ./USB_DEVICE/Target/usbd_conf.o
                0x000000000800bce4                USBD_LL_IsStallEP
 .text.USBD_LL_SetUSBAddress
                0x000000000800bd3c       0x3e ./USB_DEVICE/Target/usbd_conf.o
                0x000000000800bd3c                USBD_LL_SetUSBAddress
 .text.USBD_LL_Transmit
                0x000000000800bd7a       0x46 ./USB_DEVICE/Target/usbd_conf.o
                0x000000000800bd7a                USBD_LL_Transmit
 .text.USBD_LL_PrepareReceive
                0x000000000800bdc0       0x46 ./USB_DEVICE/Target/usbd_conf.o
                0x000000000800bdc0                USBD_LL_PrepareReceive
 .text.USBD_LL_GetRxDataSize
                0x000000000800be06       0x26 ./USB_DEVICE/Target/usbd_conf.o
                0x000000000800be06                USBD_LL_GetRxDataSize
 .text.USBD_static_malloc
                0x000000000800be2c       0x18 ./USB_DEVICE/Target/usbd_conf.o
                0x000000000800be2c                USBD_static_malloc
 .text.USBD_static_free
                0x000000000800be44       0x12 ./USB_DEVICE/Target/usbd_conf.o
                0x000000000800be44                USBD_static_free
 .text.HAL_PCDEx_SetConnectionState
                0x000000000800be56       0x16 ./USB_DEVICE/Target/usbd_conf.o
                0x000000000800be56                HAL_PCDEx_SetConnectionState
 .text.USBD_Get_USB_Status
                0x000000000800be6c       0x58 ./USB_DEVICE/Target/usbd_conf.o
 .text.sprintf  0x000000000800bec4       0x40 /Applications/STM32CubeIDE.app/Contents/Eclipse/plugins/com.st.stm32cube.ide.mcu.externaltools.gnu-tools-for-stm32.11.3.rel1.macos64_1.1.1.202309131626/tools/bin/../lib/gcc/arm-none-eabi/11.3.1/../../../../arm-none-eabi/lib/thumb/v7-m/nofp/libc_nano.a(libc_a-sprintf.o)
                0x000000000800bec4                sprintf
                0x000000000800bec4                siprintf
 .text.memset   0x000000000800bf04       0x10 /Applications/STM32CubeIDE.app/Contents/Eclipse/plugins/com.st.stm32cube.ide.mcu.externaltools.gnu-tools-for-stm32.11.3.rel1.macos64_1.1.1.202309131626/tools/bin/../lib/gcc/arm-none-eabi/11.3.1/../../../../arm-none-eabi/lib/thumb/v7-m/nofp/libc_nano.a(libc_a-memset.o)
                0x000000000800bf04                memset
 .text.__errno  0x000000000800bf14        0xc /Applications/STM32CubeIDE.app/Contents/Eclipse/plugins/com.st.stm32cube.ide.mcu.externaltools.gnu-tools-for-stm32.11.3.rel1.macos64_1.1.1.202309131626/tools/bin/../lib/gcc/arm-none-eabi/11.3.1/../../../../arm-none-eabi/lib/thumb/v7-m/nofp/libc_nano.a(libc_a-errno.o)
                0x000000000800bf14                __errno
 .text.__libc_init_array
                0x000000000800bf20       0x48 /Applications/STM32CubeIDE.app/Contents/Eclipse/plugins/com.st.stm32cube.ide.mcu.externaltools.gnu-tools-for-stm32.11.3.rel1.macos64_1.1.1.202309131626/tools/bin/../lib/gcc/arm-none-eabi/11.3.1/../../../../arm-none-eabi/lib/thumb/v7-m/nofp/libc_nano.a(libc_a-init.o)
                0x000000000800bf20                __libc_init_array
 .text.__retarget_lock_acquire_recursive
                0x000000000800bf68        0x2 /Applications/STM32CubeIDE.app/Contents/Eclipse/plugins/com.st.stm32cube.ide.mcu.externaltools.gnu-tools-for-stm32.11.3.rel1.macos64_1.1.1.202309131626/tools/bin/../lib/gcc/arm-none-eabi/11.3.1/../../../../arm-none-eabi/lib/thumb/v7-m/nofp/libc_nano.a(libc_a-lock.o)
                0x000000000800bf68                __retarget_lock_acquire_recursive
 .text.__retarget_lock_release_recursive
                0x000000000800bf6a        0x2 /Applications/STM32CubeIDE.app/Contents/Eclipse/plugins/com.st.stm32cube.ide.mcu.externaltools.gnu-tools-for-stm32.11.3.rel1.macos64_1.1.1.202309131626/tools/bin/../lib/gcc/arm-none-eabi/11.3.1/../../../../arm-none-eabi/lib/thumb/v7-m/nofp/libc_nano.a(libc_a-lock.o)
                0x000000000800bf6a                __retarget_lock_release_recursive
 .text.__ssputs_r
                0x000000000800bf6c       0xb4 /Applications/STM32CubeIDE.app/Contents/Eclipse/plugins/com.st.stm32cube.ide.mcu.externaltools.gnu-tools-for-stm32.11.3.rel1.macos64_1.1.1.202309131626/tools/bin/../lib/gcc/arm-none-eabi/11.3.1/../../../../arm-none-eabi/lib/thumb/v7-m/nofp/libc_nano.a(libc_a-nano-svfprintf.o)
                0x000000000800bf6c                __ssputs_r
 .text._svfprintf_r
                0x000000000800c020      0x1fc /Applications/STM32CubeIDE.app/Contents/Eclipse/plugins/com.st.stm32cube.ide.mcu.externaltools.gnu-tools-for-stm32.11.3.rel1.macos64_1.1.1.202309131626/tools/bin/../lib/gcc/arm-none-eabi/11.3.1/../../../../arm-none-eabi/lib/thumb/v7-m/nofp/libc_nano.a(libc_a-nano-svfprintf.o)
                0x000000000800c020                _svfprintf_r
                0x000000000800c020                _svfiprintf_r
 .text.sbrk_aligned
                0x000000000800c21c       0x40 /Applications/STM32CubeIDE.app/Contents/Eclipse/plugins/com.st.stm32cube.ide.mcu.externaltools.gnu-tools-for-stm32.11.3.rel1.macos64_1.1.1.202309131626/tools/bin/../lib/gcc/arm-none-eabi/11.3.1/../../../../arm-none-eabi/lib/thumb/v7-m/nofp/libc_nano.a(libc_a-mallocr.o)
 .text._malloc_r
                0x000000000800c25c      0x100 /Applications/STM32CubeIDE.app/Contents/Eclipse/plugins/com.st.stm32cube.ide.mcu.externaltools.gnu-tools-for-stm32.11.3.rel1.macos64_1.1.1.202309131626/tools/bin/../lib/gcc/arm-none-eabi/11.3.1/../../../../arm-none-eabi/lib/thumb/v7-m/nofp/libc_nano.a(libc_a-mallocr.o)
                0x000000000800c25c                _malloc_r
 .text._printf_common
                0x000000000800c35c       0xe4 /Applications/STM32CubeIDE.app/Contents/Eclipse/plugins/com.st.stm32cube.ide.mcu.externaltools.gnu-tools-for-stm32.11.3.rel1.macos64_1.1.1.202309131626/tools/bin/../lib/gcc/arm-none-eabi/11.3.1/../../../../arm-none-eabi/lib/thumb/v7-m/nofp/libc_nano.a(libc_a-nano-vfprintf_i.o)
                0x000000000800c35c                _printf_common
 .text._printf_i
                0x000000000800c440      0x244 /Applications/STM32CubeIDE.app/Contents/Eclipse/plugins/com.st.stm32cube.ide.mcu.externaltools.gnu-tools-for-stm32.11.3.rel1.macos64_1.1.1.202309131626/tools/bin/../lib/gcc/arm-none-eabi/11.3.1/../../../../arm-none-eabi/lib/thumb/v7-m/nofp/libc_nano.a(libc_a-nano-vfprintf_i.o)
                0x000000000800c440                _printf_i
 .text.__malloc_lock
                0x000000000800c684        0xc /Applications/STM32CubeIDE.app/Contents/Eclipse/plugins/com.st.stm32cube.ide.mcu.externaltools.gnu-tools-for-stm32.11.3.rel1.macos64_1.1.1.202309131626/tools/bin/../lib/gcc/arm-none-eabi/11.3.1/../../../../arm-none-eabi/lib/thumb/v7-m/nofp/libc_nano.a(libc_a-mlock.o)
                0x000000000800c684                __malloc_lock
 .text.__malloc_unlock
                0x000000000800c690        0xc /Applications/STM32CubeIDE.app/Contents/Eclipse/plugins/com.st.stm32cube.ide.mcu.externaltools.gnu-tools-for-stm32.11.3.rel1.macos64_1.1.1.202309131626/tools/bin/../lib/gcc/arm-none-eabi/11.3.1/../../../../arm-none-eabi/lib/thumb/v7-m/nofp/libc_nano.a(libc_a-mlock.o)
                0x000000000800c690                __malloc_unlock
 .text._realloc_r
                0x000000000800c69c       0x5e /Applications/STM32CubeIDE.app/Contents/Eclipse/plugins/com.st.stm32cube.ide.mcu.externaltools.gnu-tools-for-stm32.11.3.rel1.macos64_1.1.1.202309131626/tools/bin/../lib/gcc/arm-none-eabi/11.3.1/../../../../arm-none-eabi/lib/thumb/v7-m/nofp/libc_nano.a(libc_a-reallocr.o)
                0x000000000800c69c                _realloc_r
 .text.memmove  0x000000000800c6fa       0x34 /Applications/STM32CubeIDE.app/Contents/Eclipse/plugins/com.st.stm32cube.ide.mcu.externaltools.gnu-tools-for-stm32.11.3.rel1.macos64_1.1.1.202309131626/tools/bin/../lib/gcc/arm-none-eabi/11.3.1/../../../../arm-none-eabi/lib/thumb/v7-m/nofp/libc_nano.a(libc_a-memmove.o)
                0x000000000800c6fa                memmove
 *fill*         0x000000000800c72e        0x2 
 .text._sbrk_r  0x000000000800c730       0x20 /Applications/STM32CubeIDE.app/Contents/Eclipse/plugins/com.st.stm32cube.ide.mcu.externaltools.gnu-tools-for-stm32.11.3.rel1.macos64_1.1.1.202309131626/tools/bin/../lib/gcc/arm-none-eabi/11.3.1/../../../../arm-none-eabi/lib/thumb/v7-m/nofp/libc_nano.a(libc_a-sbrkr.o)
                0x000000000800c730                _sbrk_r
 .text.memchr   0x000000000800c750       0x1c /Applications/STM32CubeIDE.app/Contents/Eclipse/plugins/com.st.stm32cube.ide.mcu.externaltools.gnu-tools-for-stm32.11.3.rel1.macos64_1.1.1.202309131626/tools/bin/../lib/gcc/arm-none-eabi/11.3.1/../../../../arm-none-eabi/lib/thumb/v7-m/nofp/libc_nano.a(libc_a-memchr-stub.o)
                0x000000000800c750                memchr
 .text.memcpy   0x000000000800c76c       0x1c /Applications/STM32CubeIDE.app/Contents/Eclipse/plugins/com.st.stm32cube.ide.mcu.externaltools.gnu-tools-for-stm32.11.3.rel1.macos64_1.1.1.202309131626/tools/bin/../lib/gcc/arm-none-eabi/11.3.1/../../../../arm-none-eabi/lib/thumb/v7-m/nofp/libc_nano.a(libc_a-memcpy-stub.o)
                0x000000000800c76c                memcpy
 .text._free_r  0x000000000800c788       0x90 /Applications/STM32CubeIDE.app/Contents/Eclipse/plugins/com.st.stm32cube.ide.mcu.externaltools.gnu-tools-for-stm32.11.3.rel1.macos64_1.1.1.202309131626/tools/bin/../lib/gcc/arm-none-eabi/11.3.1/../../../../arm-none-eabi/lib/thumb/v7-m/nofp/libc_nano.a(libc_a-freer.o)
                0x000000000800c788                _free_r
 .text._malloc_usable_size_r
                0x000000000800c818       0x10 /Applications/STM32CubeIDE.app/Contents/Eclipse/plugins/com.st.stm32cube.ide.mcu.externaltools.gnu-tools-for-stm32.11.3.rel1.macos64_1.1.1.202309131626/tools/bin/../lib/gcc/arm-none-eabi/11.3.1/../../../../arm-none-eabi/lib/thumb/v7-m/nofp/libc_nano.a(libc_a-msizer.o)
                0x000000000800c818                _malloc_usable_size_r
 .text.roundf   0x000000000800c828       0x48 /Applications/STM32CubeIDE.app/Contents/Eclipse/plugins/com.st.stm32cube.ide.mcu.externaltools.gnu-tools-for-stm32.11.3.rel1.macos64_1.1.1.202309131626/tools/bin/../lib/gcc/arm-none-eabi/11.3.1/../../../../arm-none-eabi/lib/thumb/v7-m/nofp/libm.a(libm_a-sf_round.o)
                0x000000000800c828                roundf
 .text.fmod     0x000000000800c870       0x50 /Applications/STM32CubeIDE.app/Contents/Eclipse/plugins/com.st.stm32cube.ide.mcu.externaltools.gnu-tools-for-stm32.11.3.rel1.macos64_1.1.1.202309131626/tools/bin/../lib/gcc/arm-none-eabi/11.3.1/../../../../arm-none-eabi/lib/thumb/v7-m/nofp/libm.a(libm_a-w_fmod.o)
                0x000000000800c870                fmod
 .text.cos      0x000000000800c8c0       0x8c /Applications/STM32CubeIDE.app/Contents/Eclipse/plugins/com.st.stm32cube.ide.mcu.externaltools.gnu-tools-for-stm32.11.3.rel1.macos64_1.1.1.202309131626/tools/bin/../lib/gcc/arm-none-eabi/11.3.1/../../../../arm-none-eabi/lib/thumb/v7-m/nofp/libm.a(libm_a-s_cos.o)
                0x000000000800c8c0                cos
 .text.sin      0x000000000800c94c       0x8c /Applications/STM32CubeIDE.app/Contents/Eclipse/plugins/com.st.stm32cube.ide.mcu.externaltools.gnu-tools-for-stm32.11.3.rel1.macos64_1.1.1.202309131626/tools/bin/../lib/gcc/arm-none-eabi/11.3.1/../../../../arm-none-eabi/lib/thumb/v7-m/nofp/libm.a(libm_a-s_sin.o)
                0x000000000800c94c                sin
 .text.floor    0x000000000800c9d8      0x100 /Applications/STM32CubeIDE.app/Contents/Eclipse/plugins/com.st.stm32cube.ide.mcu.externaltools.gnu-tools-for-stm32.11.3.rel1.macos64_1.1.1.202309131626/tools/bin/../lib/gcc/arm-none-eabi/11.3.1/../../../../arm-none-eabi/lib/thumb/v7-m/nofp/libm.a(libm_a-s_floor.o)
                0x000000000800c9d8                floor
 .text.__ieee754_fmod
                0x000000000800cad8      0x224 /Applications/STM32CubeIDE.app/Contents/Eclipse/plugins/com.st.stm32cube.ide.mcu.externaltools.gnu-tools-for-stm32.11.3.rel1.macos64_1.1.1.202309131626/tools/bin/../lib/gcc/arm-none-eabi/11.3.1/../../../../arm-none-eabi/lib/thumb/v7-m/nofp/libm.a(libm_a-e_fmod.o)
                0x000000000800cad8                __ieee754_fmod
 *fill*         0x000000000800ccfc        0x4 
 .text.__ieee754_rem_pio2
                0x000000000800cd00      0x3e8 /Applications/STM32CubeIDE.app/Contents/Eclipse/plugins/com.st.stm32cube.ide.mcu.externaltools.gnu-tools-for-stm32.11.3.rel1.macos64_1.1.1.202309131626/tools/bin/../lib/gcc/arm-none-eabi/11.3.1/../../../../arm-none-eabi/lib/thumb/v7-m/nofp/libm.a(libm_a-e_rem_pio2.o)
                0x000000000800cd00                __ieee754_rem_pio2
 .text.__kernel_rem_pio2
                0x000000000800d0e8      0x680 /Applications/STM32CubeIDE.app/Contents/Eclipse/plugins/com.st.stm32cube.ide.mcu.externaltools.gnu-tools-for-stm32.11.3.rel1.macos64_1.1.1.202309131626/tools/bin/../lib/gcc/arm-none-eabi/11.3.1/../../../../arm-none-eabi/lib/thumb/v7-m/nofp/libm.a(libm_a-k_rem_pio2.o)
                0x000000000800d0e8                __kernel_rem_pio2
 .text.__kernel_cos
                0x000000000800d768      0x17c /Applications/STM32CubeIDE.app/Contents/Eclipse/plugins/com.st.stm32cube.ide.mcu.externaltools.gnu-tools-for-stm32.11.3.rel1.macos64_1.1.1.202309131626/tools/bin/../lib/gcc/arm-none-eabi/11.3.1/../../../../arm-none-eabi/lib/thumb/v7-m/nofp/libm.a(libm_a-k_cos.o)
                0x000000000800d768                __kernel_cos
 *fill*         0x000000000800d8e4        0x4 
 .text.__kernel_sin
                0x000000000800d8e8      0x16c /Applications/STM32CubeIDE.app/Contents/Eclipse/plugins/com.st.stm32cube.ide.mcu.externaltools.gnu-tools-for-stm32.11.3.rel1.macos64_1.1.1.202309131626/tools/bin/../lib/gcc/arm-none-eabi/11.3.1/../../../../arm-none-eabi/lib/thumb/v7-m/nofp/libm.a(libm_a-k_sin.o)
                0x000000000800d8e8                __kernel_sin
 .text.fabs     0x000000000800da54        0x8 /Applications/STM32CubeIDE.app/Contents/Eclipse/plugins/com.st.stm32cube.ide.mcu.externaltools.gnu-tools-for-stm32.11.3.rel1.macos64_1.1.1.202309131626/tools/bin/../lib/gcc/arm-none-eabi/11.3.1/../../../../arm-none-eabi/lib/thumb/v7-m/nofp/libm.a(libm_a-s_fabs.o)
                0x000000000800da54                fabs
 *fill*         0x000000000800da5c        0x4 
 .text.scalbn   0x000000000800da60       0xf4 /Applications/STM32CubeIDE.app/Contents/Eclipse/plugins/com.st.stm32cube.ide.mcu.externaltools.gnu-tools-for-stm32.11.3.rel1.macos64_1.1.1.202309131626/tools/bin/../lib/gcc/arm-none-eabi/11.3.1/../../../../arm-none-eabi/lib/thumb/v7-m/nofp/libm.a(libm_a-s_scalbn.o)
                0x000000000800da60                scalbn
 *(.glue_7)
 .glue_7        0x000000000800db54        0x0 linker stubs
 *(.glue_7t)
 .glue_7t       0x000000000800db54        0x0 linker stubs
 *(.eh_frame)
 .eh_frame      0x000000000800db54        0x0 /Applications/STM32CubeIDE.app/Contents/Eclipse/plugins/com.st.stm32cube.ide.mcu.externaltools.gnu-tools-for-stm32.11.3.rel1.macos64_1.1.1.202309131626/tools/bin/../lib/gcc/arm-none-eabi/11.3.1/thumb/v7-m/nofp/crtbegin.o
 *(.init)
 .init          0x000000000800db54        0x4 /Applications/STM32CubeIDE.app/Contents/Eclipse/plugins/com.st.stm32cube.ide.mcu.externaltools.gnu-tools-for-stm32.11.3.rel1.macos64_1.1.1.202309131626/tools/bin/../lib/gcc/arm-none-eabi/11.3.1/thumb/v7-m/nofp/crti.o
                0x000000000800db54                _init
 .init          0x000000000800db58        0x8 /Applications/STM32CubeIDE.app/Contents/Eclipse/plugins/com.st.stm32cube.ide.mcu.externaltools.gnu-tools-for-stm32.11.3.rel1.macos64_1.1.1.202309131626/tools/bin/../lib/gcc/arm-none-eabi/11.3.1/thumb/v7-m/nofp/crtn.o
 *(.fini)
 .fini          0x000000000800db60        0x4 /Applications/STM32CubeIDE.app/Contents/Eclipse/plugins/com.st.stm32cube.ide.mcu.externaltools.gnu-tools-for-stm32.11.3.rel1.macos64_1.1.1.202309131626/tools/bin/../lib/gcc/arm-none-eabi/11.3.1/thumb/v7-m/nofp/crti.o
                0x000000000800db60                _fini
 .fini          0x000000000800db64        0x8 /Applications/STM32CubeIDE.app/Contents/Eclipse/plugins/com.st.stm32cube.ide.mcu.externaltools.gnu-tools-for-stm32.11.3.rel1.macos64_1.1.1.202309131626/tools/bin/../lib/gcc/arm-none-eabi/11.3.1/thumb/v7-m/nofp/crtn.o
                0x000000000800db6c                . = ALIGN (0x4)
                0x000000000800db6c                _etext = .

.vfp11_veneer   0x000000000800db6c        0x0
 .vfp11_veneer  0x000000000800db6c        0x0 linker stubs

.v4_bx          0x000000000800db6c        0x0
 .v4_bx         0x000000000800db6c        0x0 linker stubs

.iplt           0x000000000800db6c        0x0
 .iplt          0x000000000800db6c        0x0 /Applications/STM32CubeIDE.app/Contents/Eclipse/plugins/com.st.stm32cube.ide.mcu.externaltools.gnu-tools-for-stm32.11.3.rel1.macos64_1.1.1.202309131626/tools/bin/../lib/gcc/arm-none-eabi/11.3.1/thumb/v7-m/nofp/crtbegin.o

.rodata         0x000000000800db70      0x2d0
                0x000000000800db70                . = ALIGN (0x4)
 *(.rodata)
 .rodata        0x000000000800db70       0x2f ./Core/Src/main.o
 *fill*         0x000000000800db9f        0x1 
 .rodata        0x000000000800dba0       0x42 ./USB_DEVICE/App/usbd_desc.o
 *(.rodata*)
 *fill*         0x000000000800dbe2        0x2 
 .rodata.AHBPrescTable
                0x000000000800dbe4       0x10 ./Core/Src/system_stm32f1xx.o
                0x000000000800dbe4                AHBPrescTable
 .rodata.APBPrescTable
                0x000000000800dbf4        0x8 ./Core/Src/system_stm32f1xx.o
                0x000000000800dbf4                APBPrescTable
 .rodata.aPLLMULFactorTable.1
                0x000000000800dbfc       0x10 ./Drivers/STM32F1xx_HAL_Driver/Src/stm32f1xx_hal_rcc.o
 .rodata.aPredivFactorTable.0
                0x000000000800dc0c        0x2 ./Drivers/STM32F1xx_HAL_Driver/Src/stm32f1xx_hal_rcc.o
 *fill*         0x000000000800dc0e        0x2 
 .rodata.aPLLMULFactorTable.1
                0x000000000800dc10       0x10 ./Drivers/STM32F1xx_HAL_Driver/Src/stm32f1xx_hal_rcc_ex.o
 .rodata.aPredivFactorTable.0
                0x000000000800dc20        0x2 ./Drivers/STM32F1xx_HAL_Driver/Src/stm32f1xx_hal_rcc_ex.o
 .rodata._svfprintf_r.str1.1
                0x000000000800dc22       0x11 /Applications/STM32CubeIDE.app/Contents/Eclipse/plugins/com.st.stm32cube.ide.mcu.externaltools.gnu-tools-for-stm32.11.3.rel1.macos64_1.1.1.202309131626/tools/bin/../lib/gcc/arm-none-eabi/11.3.1/../../../../arm-none-eabi/lib/thumb/v7-m/nofp/libc_nano.a(libc_a-nano-svfprintf.o)
 .rodata._printf_i.str1.1
                0x000000000800dc33       0x22 /Applications/STM32CubeIDE.app/Contents/Eclipse/plugins/com.st.stm32cube.ide.mcu.externaltools.gnu-tools-for-stm32.11.3.rel1.macos64_1.1.1.202309131626/tools/bin/../lib/gcc/arm-none-eabi/11.3.1/../../../../arm-none-eabi/lib/thumb/v7-m/nofp/libc_nano.a(libc_a-nano-vfprintf_i.o)
 *fill*         0x000000000800dc55        0x3 
 .rodata.Zero   0x000000000800dc58       0x10 /Applications/STM32CubeIDE.app/Contents/Eclipse/plugins/com.st.stm32cube.ide.mcu.externaltools.gnu-tools-for-stm32.11.3.rel1.macos64_1.1.1.202309131626/tools/bin/../lib/gcc/arm-none-eabi/11.3.1/../../../../arm-none-eabi/lib/thumb/v7-m/nofp/libm.a(libm_a-e_fmod.o)
 .rodata.npio2_hw
                0x000000000800dc68       0x80 /Applications/STM32CubeIDE.app/Contents/Eclipse/plugins/com.st.stm32cube.ide.mcu.externaltools.gnu-tools-for-stm32.11.3.rel1.macos64_1.1.1.202309131626/tools/bin/../lib/gcc/arm-none-eabi/11.3.1/../../../../arm-none-eabi/lib/thumb/v7-m/nofp/libm.a(libm_a-e_rem_pio2.o)
 .rodata.two_over_pi
                0x000000000800dce8      0x108 /Applications/STM32CubeIDE.app/Contents/Eclipse/plugins/com.st.stm32cube.ide.mcu.externaltools.gnu-tools-for-stm32.11.3.rel1.macos64_1.1.1.202309131626/tools/bin/../lib/gcc/arm-none-eabi/11.3.1/../../../../arm-none-eabi/lib/thumb/v7-m/nofp/libm.a(libm_a-e_rem_pio2.o)
 .rodata.PIo2   0x000000000800ddf0       0x40 /Applications/STM32CubeIDE.app/Contents/Eclipse/plugins/com.st.stm32cube.ide.mcu.externaltools.gnu-tools-for-stm32.11.3.rel1.macos64_1.1.1.202309131626/tools/bin/../lib/gcc/arm-none-eabi/11.3.1/../../../../arm-none-eabi/lib/thumb/v7-m/nofp/libm.a(libm_a-k_rem_pio2.o)
 .rodata.init_jk
                0x000000000800de30       0x10 /Applications/STM32CubeIDE.app/Contents/Eclipse/plugins/com.st.stm32cube.ide.mcu.externaltools.gnu-tools-for-stm32.11.3.rel1.macos64_1.1.1.202309131626/tools/bin/../lib/gcc/arm-none-eabi/11.3.1/../../../../arm-none-eabi/lib/thumb/v7-m/nofp/libm.a(libm_a-k_rem_pio2.o)
                0x000000000800de40                . = ALIGN (0x4)

.rel.dyn        0x000000000800de40        0x0
 .rel.iplt      0x000000000800de40        0x0 /Applications/STM32CubeIDE.app/Contents/Eclipse/plugins/com.st.stm32cube.ide.mcu.externaltools.gnu-tools-for-stm32.11.3.rel1.macos64_1.1.1.202309131626/tools/bin/../lib/gcc/arm-none-eabi/11.3.1/thumb/v7-m/nofp/crtbegin.o

.ARM.extab      0x000000000800de40        0x0
                0x000000000800de40                . = ALIGN (0x4)
 *(.ARM.extab* .gnu.linkonce.armextab.*)
                0x000000000800de40                . = ALIGN (0x4)

.ARM            0x000000000800de40        0x0
                0x000000000800de40                . = ALIGN (0x4)
                0x000000000800de40                __exidx_start = .
 *(.ARM.exidx*)
                0x000000000800de40                __exidx_end = .
                0x000000000800de40                . = ALIGN (0x4)

.preinit_array  0x000000000800de40        0x0
                0x000000000800de40                . = ALIGN (0x4)
                0x000000000800de40                PROVIDE (__preinit_array_start = .)
 *(.preinit_array*)
                0x000000000800de40                PROVIDE (__preinit_array_end = .)
                0x000000000800de40                . = ALIGN (0x4)

.init_array     0x000000000800de40        0x4
                0x000000000800de40                . = ALIGN (0x4)
                0x000000000800de40                PROVIDE (__init_array_start = .)
 *(SORT_BY_NAME(.init_array.*))
 *(.init_array*)
 .init_array    0x000000000800de40        0x4 /Applications/STM32CubeIDE.app/Contents/Eclipse/plugins/com.st.stm32cube.ide.mcu.externaltools.gnu-tools-for-stm32.11.3.rel1.macos64_1.1.1.202309131626/tools/bin/../lib/gcc/arm-none-eabi/11.3.1/thumb/v7-m/nofp/crtbegin.o
                0x000000000800de44                PROVIDE (__init_array_end = .)
                0x000000000800de44                . = ALIGN (0x4)

.fini_array     0x000000000800de44        0x4
                0x000000000800de44                . = ALIGN (0x4)
                [!provide]                        PROVIDE (__fini_array_start = .)
 *(SORT_BY_NAME(.fini_array.*))
 *(.fini_array*)
 .fini_array    0x000000000800de44        0x4 /Applications/STM32CubeIDE.app/Contents/Eclipse/plugins/com.st.stm32cube.ide.mcu.externaltools.gnu-tools-for-stm32.11.3.rel1.macos64_1.1.1.202309131626/tools/bin/../lib/gcc/arm-none-eabi/11.3.1/thumb/v7-m/nofp/crtbegin.o
                [!provide]                        PROVIDE (__fini_array_end = .)
                0x000000000800de48                . = ALIGN (0x4)
                0x000000000800de48                _sidata = LOADADDR (.data)

.data           0x0000000020000000      0x23c load address 0x000000000800de48
                0x0000000020000000                . = ALIGN (0x4)
                0x0000000020000000                _sdata = .
 *(.data)
 *(.data*)
 .data.voltage_limit
                0x0000000020000000        0x4 ./Core/Src/main.o
                0x0000000020000000                voltage_limit
 .data.voltage_power_supply
                0x0000000020000004        0x4 ./Core/Src/main.o
                0x0000000020000004                voltage_power_supply
 .data.period   0x0000000020000008        0x4 ./Core/Src/main.o
                0x0000000020000008                period
 .data.dir      0x000000002000000c        0x4 ./Core/Src/main.o
                0x000000002000000c                dir
 .data.pole_pairs
                0x0000000020000010        0x4 ./Core/Src/main.o
                0x0000000020000010                pole_pairs
 .data.Ts       0x0000000020000014        0x4 ./Core/Src/main.o
                0x0000000020000014                Ts
 .data.angle_prev
                0x0000000020000018        0x4 ./Core/Src/main.o
                0x0000000020000018                angle_prev
 .data.target_vel
                0x000000002000001c        0x4 ./Core/Src/main.o
                0x000000002000001c                target_vel
 .data.filter   0x0000000020000020        0x8 ./Core/Src/main.o
                0x0000000020000020                filter
 .data.filter_current
                0x0000000020000028        0x8 ./Core/Src/main.o
                0x0000000020000028                filter_current
 .data.pid_controller
                0x0000000020000030       0x20 ./Core/Src/main.o
                0x0000000020000030                pid_controller
 .data.pid_controller_current
                0x0000000020000050       0x20 ./Core/Src/main.o
                0x0000000020000050                pid_controller_current
 .data.SystemCoreClock
                0x0000000020000070        0x4 ./Core/Src/system_stm32f1xx.o
                0x0000000020000070                SystemCoreClock
 .data.uwTickPrio
                0x0000000020000074        0x4 ./Drivers/STM32F1xx_HAL_Driver/Src/stm32f1xx_hal.o
                0x0000000020000074                uwTickPrio
 .data.uwTickFreq
                0x0000000020000078        0x1 ./Drivers/STM32F1xx_HAL_Driver/Src/stm32f1xx_hal.o
                0x0000000020000078                uwTickFreq
 *fill*         0x0000000020000079        0x3 
 .data.USBD_CDC_DeviceQualifierDesc
                0x000000002000007c        0xa ./Middlewares/ST/STM32_USB_Device_Library/Class/CDC/Src/usbd_cdc.o
 *fill*         0x0000000020000086        0x2 
 .data.USBD_CDC
                0x0000000020000088       0x38 ./Middlewares/ST/STM32_USB_Device_Library/Class/CDC/Src/usbd_cdc.o
                0x0000000020000088                USBD_CDC
 .data.USBD_CDC_CfgHSDesc
                0x00000000200000c0       0x43 ./Middlewares/ST/STM32_USB_Device_Library/Class/CDC/Src/usbd_cdc.o
                0x00000000200000c0                USBD_CDC_CfgHSDesc
 *fill*         0x0000000020000103        0x1 
 .data.USBD_CDC_CfgFSDesc
                0x0000000020000104       0x43 ./Middlewares/ST/STM32_USB_Device_Library/Class/CDC/Src/usbd_cdc.o
                0x0000000020000104                USBD_CDC_CfgFSDesc
 *fill*         0x0000000020000147        0x1 
 .data.USBD_CDC_OtherSpeedCfgDesc
                0x0000000020000148       0x43 ./Middlewares/ST/STM32_USB_Device_Library/Class/CDC/Src/usbd_cdc.o
                0x0000000020000148                USBD_CDC_OtherSpeedCfgDesc
 *fill*         0x000000002000018b        0x1 
 .data.USBD_Interface_fops_FS
                0x000000002000018c       0x10 ./USB_DEVICE/App/usbd_cdc_if.o
                0x000000002000018c                USBD_Interface_fops_FS
 .data.FS_Desc  0x000000002000019c       0x1c ./USB_DEVICE/App/usbd_desc.o
                0x000000002000019c                FS_Desc
 .data.USBD_FS_DeviceDesc
                0x00000000200001b8       0x12 ./USB_DEVICE/App/usbd_desc.o
                0x00000000200001b8                USBD_FS_DeviceDesc
 *fill*         0x00000000200001ca        0x2 
 .data.USBD_LangIDDesc
                0x00000000200001cc        0x4 ./USB_DEVICE/App/usbd_desc.o
                0x00000000200001cc                USBD_LangIDDesc
 .data.USBD_StringSerial
                0x00000000200001d0       0x1a ./USB_DEVICE/App/usbd_desc.o
                0x00000000200001d0                USBD_StringSerial
 *fill*         0x00000000200001ea        0x2 
 .data._impure_data
                0x00000000200001ec       0x4c /Applications/STM32CubeIDE.app/Contents/Eclipse/plugins/com.st.stm32cube.ide.mcu.externaltools.gnu-tools-for-stm32.11.3.rel1.macos64_1.1.1.202309131626/tools/bin/../lib/gcc/arm-none-eabi/11.3.1/../../../../arm-none-eabi/lib/thumb/v7-m/nofp/libc_nano.a(libc_a-impure.o)
                0x00000000200001ec                _impure_data
 .data._impure_ptr
                0x0000000020000238        0x4 /Applications/STM32CubeIDE.app/Contents/Eclipse/plugins/com.st.stm32cube.ide.mcu.externaltools.gnu-tools-for-stm32.11.3.rel1.macos64_1.1.1.202309131626/tools/bin/../lib/gcc/arm-none-eabi/11.3.1/../../../../arm-none-eabi/lib/thumb/v7-m/nofp/libc_nano.a(libc_a-impure.o)
                0x0000000020000238                _impure_ptr
 *(.RamFunc)
 *(.RamFunc*)
                0x000000002000023c                . = ALIGN (0x4)
                0x000000002000023c                _edata = .

.igot.plt       0x000000002000023c        0x0 load address 0x000000000800e084
 .igot.plt      0x000000002000023c        0x0 /Applications/STM32CubeIDE.app/Contents/Eclipse/plugins/com.st.stm32cube.ide.mcu.externaltools.gnu-tools-for-stm32.11.3.rel1.macos64_1.1.1.202309131626/tools/bin/../lib/gcc/arm-none-eabi/11.3.1/thumb/v7-m/nofp/crtbegin.o
                0x000000002000023c                . = ALIGN (0x4)

.bss            0x0000000020000240     0x14c0 load address 0x000000000800e084
                0x0000000020000240                _sbss = .
                0x0000000020000240                __bss_start__ = _sbss
 *(.bss)
 .bss           0x0000000020000240       0x1c /Applications/STM32CubeIDE.app/Contents/Eclipse/plugins/com.st.stm32cube.ide.mcu.externaltools.gnu-tools-for-stm32.11.3.rel1.macos64_1.1.1.202309131626/tools/bin/../lib/gcc/arm-none-eabi/11.3.1/thumb/v7-m/nofp/crtbegin.o
 *(.bss*)
 .bss.hadc1     0x000000002000025c       0x30 ./Core/Src/main.o
                0x000000002000025c                hadc1
 .bss.hspi1     0x000000002000028c       0x58 ./Core/Src/main.o
                0x000000002000028c                hspi1
 .bss.htim1     0x00000000200002e4       0x48 ./Core/Src/main.o
                0x00000000200002e4                htim1
 .bss.htim2     0x000000002000032c       0x48 ./Core/Src/main.o
                0x000000002000032c                htim2
 .bss.data      0x0000000020000374       0x32 ./Core/Src/main.o
                0x0000000020000374                data
 *fill*         0x00000000200003a6        0x2 
 .bss.zero_electric_angle
                0x00000000200003a8        0x4 ./Core/Src/main.o
                0x00000000200003a8                zero_electric_angle
 .bss.index1    0x00000000200003ac        0x4 ./Core/Src/main.o
                0x00000000200003ac                index1
 .bss.ADC_VAL   0x00000000200003b0        0x6 ./Core/Src/main.o
                0x00000000200003b0                ADC_VAL
 *fill*         0x00000000200003b6        0x2 
 .bss.current_offset
                0x00000000200003b8        0x6 ./Core/Src/main.o
                0x00000000200003b8                current_offset
 *fill*         0x00000000200003be        0x2 
 .bss.current_phase
                0x00000000200003c0       0x18 ./Core/Src/main.o
                0x00000000200003c0                current_phase
 .bss.__sbrk_heap_end
                0x00000000200003d8        0x4 ./Core/Src/sysmem.o
 .bss.uwTick    0x00000000200003dc        0x4 ./Drivers/STM32F1xx_HAL_Driver/Src/stm32f1xx_hal.o
                0x00000000200003dc                uwTick
 .bss.cfgidx.0  0x00000000200003e0        0x1 ./Middlewares/ST/STM32_USB_Device_Library/Core/Src/usbd_ctlreq.o
 *fill*         0x00000000200003e1        0x3 
 .bss.hUsbDeviceFS
                0x00000000200003e4      0x2c4 ./USB_DEVICE/App/usb_device.o
                0x00000000200003e4                hUsbDeviceFS
 .bss.UserRxBufferFS
                0x00000000200006a8      0x400 ./USB_DEVICE/App/usbd_cdc_if.o
                0x00000000200006a8                UserRxBufferFS
 .bss.UserTxBufferFS
                0x0000000020000aa8      0x400 ./USB_DEVICE/App/usbd_cdc_if.o
                0x0000000020000aa8                UserTxBufferFS
 .bss.USBD_StrDesc
                0x0000000020000ea8      0x200 ./USB_DEVICE/App/usbd_desc.o
                0x0000000020000ea8                USBD_StrDesc
 .bss.hpcd_USB_FS
                0x00000000200010a8      0x2f0 ./USB_DEVICE/Target/usbd_conf.o
                0x00000000200010a8                hpcd_USB_FS
 .bss.mem.0     0x0000000020001398      0x220 ./USB_DEVICE/Target/usbd_conf.o
 .bss.__sf      0x00000000200015b8      0x138 /Applications/STM32CubeIDE.app/Contents/Eclipse/plugins/com.st.stm32cube.ide.mcu.externaltools.gnu-tools-for-stm32.11.3.rel1.macos64_1.1.1.202309131626/tools/bin/../lib/gcc/arm-none-eabi/11.3.1/../../../../arm-none-eabi/lib/thumb/v7-m/nofp/libc_nano.a(libc_a-findfp.o)
                0x00000000200015b8                __sf
 .bss.__lock___malloc_recursive_mutex
                0x00000000200016f0        0x1 /Applications/STM32CubeIDE.app/Contents/Eclipse/plugins/com.st.stm32cube.ide.mcu.externaltools.gnu-tools-for-stm32.11.3.rel1.macos64_1.1.1.202309131626/tools/bin/../lib/gcc/arm-none-eabi/11.3.1/../../../../arm-none-eabi/lib/thumb/v7-m/nofp/libc_nano.a(libc_a-lock.o)
                0x00000000200016f0                __lock___malloc_recursive_mutex
 *fill*         0x00000000200016f1        0x3 
 .bss.__malloc_free_list
                0x00000000200016f4        0x4 /Applications/STM32CubeIDE.app/Contents/Eclipse/plugins/com.st.stm32cube.ide.mcu.externaltools.gnu-tools-for-stm32.11.3.rel1.macos64_1.1.1.202309131626/tools/bin/../lib/gcc/arm-none-eabi/11.3.1/../../../../arm-none-eabi/lib/thumb/v7-m/nofp/libc_nano.a(libc_a-mallocr.o)
                0x00000000200016f4                __malloc_free_list
 .bss.__malloc_sbrk_start
                0x00000000200016f8        0x4 /Applications/STM32CubeIDE.app/Contents/Eclipse/plugins/com.st.stm32cube.ide.mcu.externaltools.gnu-tools-for-stm32.11.3.rel1.macos64_1.1.1.202309131626/tools/bin/../lib/gcc/arm-none-eabi/11.3.1/../../../../arm-none-eabi/lib/thumb/v7-m/nofp/libc_nano.a(libc_a-mallocr.o)
                0x00000000200016f8                __malloc_sbrk_start
 .bss.errno     0x00000000200016fc        0x4 /Applications/STM32CubeIDE.app/Contents/Eclipse/plugins/com.st.stm32cube.ide.mcu.externaltools.gnu-tools-for-stm32.11.3.rel1.macos64_1.1.1.202309131626/tools/bin/../lib/gcc/arm-none-eabi/11.3.1/../../../../arm-none-eabi/lib/thumb/v7-m/nofp/libc_nano.a(libc_a-reent.o)
                0x00000000200016fc                errno
 *(COMMON)
                0x0000000020001700                . = ALIGN (0x4)
                0x0000000020001700                _ebss = .
                0x0000000020001700                __bss_end__ = _ebss

._user_heap_stack
                0x0000000020001700      0x600 load address 0x000000000800e084
                0x0000000020001700                . = ALIGN (0x8)
                [!provide]                        PROVIDE (end = .)
                0x0000000020001700                PROVIDE (_end = .)
                0x0000000020001900                . = (. + _Min_Heap_Size)
 *fill*         0x0000000020001700      0x200 
                0x0000000020001d00                . = (. + _Min_Stack_Size)
 *fill*         0x0000000020001900      0x400 
                0x0000000020001d00                . = ALIGN (0x8)

/DISCARD/
 libc.a(*)
 libm.a(*)
 libgcc.a(*)

.ARM.attributes
                0x0000000000000000       0x29
 *(.ARM.attributes)
 .ARM.attributes
                0x0000000000000000       0x1d /Applications/STM32CubeIDE.app/Contents/Eclipse/plugins/com.st.stm32cube.ide.mcu.externaltools.gnu-tools-for-stm32.11.3.rel1.macos64_1.1.1.202309131626/tools/bin/../lib/gcc/arm-none-eabi/11.3.1/thumb/v7-m/nofp/crti.o
 .ARM.attributes
                0x000000000000001d       0x2d /Applications/STM32CubeIDE.app/Contents/Eclipse/plugins/com.st.stm32cube.ide.mcu.externaltools.gnu-tools-for-stm32.11.3.rel1.macos64_1.1.1.202309131626/tools/bin/../lib/gcc/arm-none-eabi/11.3.1/thumb/v7-m/nofp/crtbegin.o
 .ARM.attributes
                0x000000000000004a       0x2d ./Core/Src/as5048a.o
 .ARM.attributes
                0x0000000000000077       0x2d ./Core/Src/current_sense.o
 .ARM.attributes
                0x00000000000000a4       0x2d ./Core/Src/lowpass_filter.o
 .ARM.attributes
                0x00000000000000d1       0x2d ./Core/Src/main.o
 .ARM.attributes
                0x00000000000000fe       0x2d ./Core/Src/motor_control.o
 .ARM.attributes
                0x000000000000012b       0x2d ./Core/Src/pid.o
 .ARM.attributes
                0x0000000000000158       0x2d ./Core/Src/stm32f1xx_hal_msp.o
 .ARM.attributes
                0x0000000000000185       0x2d ./Core/Src/stm32f1xx_it.o
 .ARM.attributes
                0x00000000000001b2       0x2d ./Core/Src/sysmem.o
 .ARM.attributes
                0x00000000000001df       0x2d ./Core/Src/system_stm32f1xx.o
 .ARM.attributes
                0x000000000000020c       0x21 ./Core/Startup/startup_stm32f103c8tx.o
 .ARM.attributes
                0x000000000000022d       0x2d ./Drivers/STM32F1xx_HAL_Driver/Src/stm32f1xx_hal.o
 .ARM.attributes
                0x000000000000025a       0x2d ./Drivers/STM32F1xx_HAL_Driver/Src/stm32f1xx_hal_adc.o
 .ARM.attributes
                0x0000000000000287       0x2d ./Drivers/STM32F1xx_HAL_Driver/Src/stm32f1xx_hal_cortex.o
 .ARM.attributes
                0x00000000000002b4       0x2d ./Drivers/STM32F1xx_HAL_Driver/Src/stm32f1xx_hal_gpio.o
 .ARM.attributes
                0x00000000000002e1       0x2d ./Drivers/STM32F1xx_HAL_Driver/Src/stm32f1xx_hal_pcd.o
 .ARM.attributes
                0x000000000000030e       0x2d ./Drivers/STM32F1xx_HAL_Driver/Src/stm32f1xx_hal_pcd_ex.o
 .ARM.attributes
                0x000000000000033b       0x2d ./Drivers/STM32F1xx_HAL_Driver/Src/stm32f1xx_hal_rcc.o
 .ARM.attributes
                0x0000000000000368       0x2d ./Drivers/STM32F1xx_HAL_Driver/Src/stm32f1xx_hal_rcc_ex.o
 .ARM.attributes
                0x0000000000000395       0x2d ./Drivers/STM32F1xx_HAL_Driver/Src/stm32f1xx_hal_spi.o
 .ARM.attributes
                0x00000000000003c2       0x2d ./Drivers/STM32F1xx_HAL_Driver/Src/stm32f1xx_hal_tim.o
 .ARM.attributes
                0x00000000000003ef       0x2d ./Drivers/STM32F1xx_HAL_Driver/Src/stm32f1xx_hal_tim_ex.o
 .ARM.attributes
                0x000000000000041c       0x2d ./Drivers/STM32F1xx_HAL_Driver/Src/stm32f1xx_ll_usb.o