../Drivers/STM32G4xx_HAL_Driver/Src/stm32g4xx_hal_pcd.c:124:19:HAL_PCD_Init	64	static
../Drivers/STM32G4xx_HAL_Driver/Src/stm32g4xx_hal_pcd.c:220:19:HAL_PCD_DeInit	16	static
../Drivers/STM32G4xx_HAL_Driver/Src/stm32g4xx_hal_pcd.c:259:13:HAL_PCD_MspInit	16	static
../Drivers/STM32G4xx_HAL_Driver/Src/stm32g4xx_hal_pcd.c:274:13:HAL_PCD_MspDeInit	16	static
../Drivers/STM32G4xx_HAL_Driver/Src/stm32g4xx_hal_pcd.c:977:19:HAL_PCD_Start	16	static
../Drivers/STM32G4xx_HAL_Driver/Src/stm32g4xx_hal_pcd.c:992:19:HAL_PCD_Stop	16	static
../Drivers/STM32G4xx_HAL_Driver/Src/stm32g4xx_hal_pcd.c:1008:6:HAL_PCD_IRQHandler	24	static
../Drivers/STM32G4xx_HAL_Driver/Src/stm32g4xx_hal_pcd.c:1154:13:HAL_PCD_DataOutStageCallback	16	static
../Drivers/STM32G4xx_HAL_Driver/Src/stm32g4xx_hal_pcd.c:1171:13:HAL_PCD_DataInStageCallback	16	static
../Drivers/STM32G4xx_HAL_Driver/Src/stm32g4xx_hal_pcd.c:1186:13:HAL_PCD_SetupStageCallback	16	static
../Drivers/STM32G4xx_HAL_Driver/Src/stm32g4xx_hal_pcd.c:1201:13:HAL_PCD_SOFCallback	16	static
../Drivers/STM32G4xx_HAL_Driver/Src/stm32g4xx_hal_pcd.c:1216:13:HAL_PCD_ResetCallback	16	static
../Drivers/STM32G4xx_HAL_Driver/Src/stm32g4xx_hal_pcd.c:1231:13:HAL_PCD_SuspendCallback	16	static
../Drivers/STM32G4xx_HAL_Driver/Src/stm32g4xx_hal_pcd.c:1246:13:HAL_PCD_ResumeCallback	16	static
../Drivers/STM32G4xx_HAL_Driver/Src/stm32g4xx_hal_pcd.c:1262:13:HAL_PCD_ISOOUTIncompleteCallback	16	static
../Drivers/STM32G4xx_HAL_Driver/Src/stm32g4xx_hal_pcd.c:1279:13:HAL_PCD_ISOINIncompleteCallback	16	static
../Drivers/STM32G4xx_HAL_Driver/Src/stm32g4xx_hal_pcd.c:1295:13:HAL_PCD_ConnectCallback	16	static
../Drivers/STM32G4xx_HAL_Driver/Src/stm32g4xx_hal_pcd.c:1310:13:HAL_PCD_DisconnectCallback	16	static
../Drivers/STM32G4xx_HAL_Driver/Src/stm32g4xx_hal_pcd.c:1344:19:HAL_PCD_DevConnect	16	static
../Drivers/STM32G4xx_HAL_Driver/Src/stm32g4xx_hal_pcd.c:1358:19:HAL_PCD_DevDisconnect	16	static
../Drivers/STM32G4xx_HAL_Driver/Src/stm32g4xx_hal_pcd.c:1373:19:HAL_PCD_SetAddress	16	static
../Drivers/STM32G4xx_HAL_Driver/Src/stm32g4xx_hal_pcd.c:1390:19:HAL_PCD_EP_Open	24	static
../Drivers/STM32G4xx_HAL_Driver/Src/stm32g4xx_hal_pcd.c:1435:19:HAL_PCD_EP_Close	24	static
../Drivers/STM32G4xx_HAL_Driver/Src/stm32g4xx_hal_pcd.c:1466:19:HAL_PCD_EP_Receive	32	static
../Drivers/STM32G4xx_HAL_Driver/Src/stm32g4xx_hal_pcd.c:1497:10:HAL_PCD_EP_GetRxCount	16	static
../Drivers/STM32G4xx_HAL_Driver/Src/stm32g4xx_hal_pcd.c:1509:19:HAL_PCD_EP_Transmit	32	static
../Drivers/STM32G4xx_HAL_Driver/Src/stm32g4xx_hal_pcd.c:1542:19:HAL_PCD_EP_SetStall	24	static
../Drivers/STM32G4xx_HAL_Driver/Src/stm32g4xx_hal_pcd.c:1580:19:HAL_PCD_EP_ClrStall	24	static
../Drivers/STM32G4xx_HAL_Driver/Src/stm32g4xx_hal_pcd.c:1616:19:HAL_PCD_EP_Flush	16	static
../Drivers/STM32G4xx_HAL_Driver/Src/stm32g4xx_hal_pcd.c:1630:19:HAL_PCD_ActivateRemoteWakeup	16	static
../Drivers/STM32G4xx_HAL_Driver/Src/stm32g4xx_hal_pcd.c:1640:19:HAL_PCD_DeActivateRemoteWakeup	16	static
../Drivers/STM32G4xx_HAL_Driver/Src/stm32g4xx_hal_pcd.c:1669:18:HAL_PCD_GetState	16	static
../Drivers/STM32G4xx_HAL_Driver/Src/stm32g4xx_hal_pcd.c:1693:26:PCD_EP_ISR_Handler	96	static
../Drivers/STM32G4xx_HAL_Driver/Src/stm32g4xx_hal_pcd.c:1966:17:HAL_PCD_EP_DB_Receive	40	static
../Drivers/STM32G4xx_HAL_Driver/Src/stm32g4xx_hal_pcd.c:2047:26:HAL_PCD_EP_DB_Transmit	144	static
