../Core/Src/main.c:170:7:_normalizeAngle	24	static
../Core/Src/main.c:182:7:_electricalAngle	16	static
../Core/Src/main.c:186:6:setPwm	32	static
../Core/Src/main.c:205:6:setPhaseVoltage	32	static
../Core/Src/main.c:218:6:setPhaseVoltage_test	24	static
../Core/Src/main.c:230:7:velocityOpenloop	24	static
../Core/Src/main.c:326:5:main	16	static
../Core/Src/main.c:385:6:SystemClock_Config	88	static
../Core/Src/main.c:432:13:MX_SPI1_Init	8	static
../Core/Src/main.c:470:13:MX_TIM1_Init	96	static
../Core/Src/main.c:553:13:MX_TIM2_Init	32	static
../Core/Src/main.c:598:13:MX_GPIO_Init	40	static
../Core/Src/main.c:641:6:HAL_TIM_PeriodElapsedCallback	40	static
../Core/Src/main.c:680:6:Error_Handler	4	static,ignoring_inline_asm
