../Core/Src/main.c:177:7:_electricalAngle	16	static
../Core/Src/main.c:180:7:_normalizeAngle	24	static
../Core/Src/main.c:192:6:setPwm	32	static
../Core/Src/main.c:211:6:setPhaseVoltage	32	static
../Core/Src/main.c:226:7:velocityOpenloop	24	static
../Core/Src/main.c:322:5:main	8	static
../Core/Src/main.c:373:6:SystemClock_Config	88	static
../Core/Src/main.c:420:13:MX_SPI1_Init	8	static
../Core/Src/main.c:458:13:MX_TIM1_Init	96	static
../Core/Src/main.c:541:13:MX_TIM2_Init	32	static
../Core/Src/main.c:586:13:MX_GPIO_Init	40	static
../Core/Src/main.c:629:6:HAL_TIM_PeriodElapsedCallback	40	static
../Core/Src/main.c:668:6:Error_Handler	4	static,ignoring_inline_asm
