../Core/Src/main.c:74:5:main	16	static
../Core/Src/main.c:131:6:SystemClock_Config	88	static
../Core/Src/main.c:179:13:MX_ADC1_Init	24	static
../Core/Src/main.c:246:13:MX_SPI1_Init	8	static
../Core/Src/main.c:281:13:MX_TIM1_Init	96	static
../Core/Src/main.c:361:13:MX_TIM2_Init	32	static
../Core/Src/main.c:403:13:MX_GPIO_Init	40	static
../Core/Src/main.c:447:6:ADC_Select_CH0	24	static
../Core/Src/main.c:461:6:ADC_Select_CH1	24	static
../Core/Src/main.c:475:6:ADC_Select_CH2	24	static
../Core/Src/main.c:491:6:HAL_TIM_PeriodElapsedCallback	48	static
../Core/Src/main.c:558:6:Error_Handler	4	static
