../Core/Src/main.c:74:5:main	16	static
../Core/Src/main.c:131:6:SystemClock_Config	88	static
../Core/Src/main.c:179:13:MX_ADC1_Init	24	static
../Core/Src/main.c:244:13:MX_SPI1_Init	8	static
../Core/Src/main.c:279:13:MX_TIM1_Init	96	static
../Core/Src/main.c:359:13:MX_TIM2_Init	32	static
../Core/Src/main.c:401:13:MX_GPIO_Init	40	static
../Core/Src/main.c:449:6:ADC_Select_CH0	24	static
../Core/Src/main.c:463:6:ADC_Select_CH1	24	static
../Core/Src/main.c:477:6:ADC_Select_CH2	24	static
../Core/Src/main.c:493:6:HAL_TIM_PeriodElapsedCallback	48	static
../Core/Src/main.c:560:6:Error_Handler	4	static
