../Drivers/STM32F1xx_HAL_Driver/Src/stm32f1xx_hal_spi.c:335:19:HAL_SPI_Init	16	static
../Drivers/STM32F1xx_HAL_Driver/Src/stm32f1xx_hal_spi.c:463:19:HAL_SPI_DeInit	16	static
../Drivers/STM32F1xx_HAL_Driver/Src/stm32f1xx_hal_spi.c:507:13:HAL_SPI_MspInit	16	static
../Drivers/STM32F1xx_HAL_Driver/Src/stm32f1xx_hal_spi.c:523:13:HAL_SPI_MspDeInit	16	static
../Drivers/STM32F1xx_HAL_Driver/Src/stm32f1xx_hal_spi.c:795:19:HAL_SPI_Transmit	40	static
../Drivers/STM32F1xx_HAL_Driver/Src/stm32f1xx_hal_spi.c:960:19:HAL_SPI_Receive	40	static
../Drivers/STM32F1xx_HAL_Driver/Src/stm32f1xx_hal_spi.c:1174:19:HAL_SPI_TransmitReceive	56	static
../Drivers/STM32F1xx_HAL_Driver/Src/stm32f1xx_hal_spi.c:1407:19:HAL_SPI_Transmit_IT	32	static
../Drivers/STM32F1xx_HAL_Driver/Src/stm32f1xx_hal_spi.c:1492:19:HAL_SPI_Receive_IT	32	static
../Drivers/STM32F1xx_HAL_Driver/Src/stm32f1xx_hal_spi.c:1586:19:HAL_SPI_TransmitReceive_IT	32	static
../Drivers/STM32F1xx_HAL_Driver/Src/stm32f1xx_hal_spi.c:1674:19:HAL_SPI_Transmit_DMA	32	static
../Drivers/STM32F1xx_HAL_Driver/Src/stm32f1xx_hal_spi.c:1782:19:HAL_SPI_Receive_DMA	32	static
../Drivers/STM32F1xx_HAL_Driver/Src/stm32f1xx_hal_spi.c:1897:19:HAL_SPI_TransmitReceive_DMA	32	static
../Drivers/STM32F1xx_HAL_Driver/Src/stm32f1xx_hal_spi.c:2043:19:HAL_SPI_Abort	32	static
../Drivers/STM32F1xx_HAL_Driver/Src/stm32f1xx_hal_spi.c:2187:19:HAL_SPI_Abort_IT	40	static
../Drivers/STM32F1xx_HAL_Driver/Src/stm32f1xx_hal_spi.c:2347:19:HAL_SPI_DMAPause	16	static
../Drivers/STM32F1xx_HAL_Driver/Src/stm32f1xx_hal_spi.c:2367:19:HAL_SPI_DMAResume	16	static
../Drivers/STM32F1xx_HAL_Driver/Src/stm32f1xx_hal_spi.c:2387:19:HAL_SPI_DMAStop	24	static
../Drivers/STM32F1xx_HAL_Driver/Src/stm32f1xx_hal_spi.c:2427:6:HAL_SPI_IRQHandler	40	static
../Drivers/STM32F1xx_HAL_Driver/Src/stm32f1xx_hal_spi.c:2529:13:HAL_SPI_TxCpltCallback	16	static
../Drivers/STM32F1xx_HAL_Driver/Src/stm32f1xx_hal_spi.c:2545:13:HAL_SPI_RxCpltCallback	16	static
../Drivers/STM32F1xx_HAL_Driver/Src/stm32f1xx_hal_spi.c:2561:13:HAL_SPI_TxRxCpltCallback	16	static
../Drivers/STM32F1xx_HAL_Driver/Src/stm32f1xx_hal_spi.c:2577:13:HAL_SPI_TxHalfCpltCallback	16	static
../Drivers/STM32F1xx_HAL_Driver/Src/stm32f1xx_hal_spi.c:2593:13:HAL_SPI_RxHalfCpltCallback	16	static
../Drivers/STM32F1xx_HAL_Driver/Src/stm32f1xx_hal_spi.c:2609:13:HAL_SPI_TxRxHalfCpltCallback	16	static
../Drivers/STM32F1xx_HAL_Driver/Src/stm32f1xx_hal_spi.c:2625:13:HAL_SPI_ErrorCallback	16	static
../Drivers/STM32F1xx_HAL_Driver/Src/stm32f1xx_hal_spi.c:2643:13:HAL_SPI_AbortCpltCallback	16	static
../Drivers/STM32F1xx_HAL_Driver/Src/stm32f1xx_hal_spi.c:2678:22:HAL_SPI_GetState	16	static
../Drivers/STM32F1xx_HAL_Driver/Src/stm32f1xx_hal_spi.c:2690:10:HAL_SPI_GetError	16	static
../Drivers/STM32F1xx_HAL_Driver/Src/stm32f1xx_hal_spi.c:2715:13:SPI_DMATransmitCplt	32	static
../Drivers/STM32F1xx_HAL_Driver/Src/stm32f1xx_hal_spi.c:2772:13:SPI_DMAReceiveCplt	24	static
../Drivers/STM32F1xx_HAL_Driver/Src/stm32f1xx_hal_spi.c:2871:13:SPI_DMATransmitReceiveCplt	24	static
../Drivers/STM32F1xx_HAL_Driver/Src/stm32f1xx_hal_spi.c:2961:13:SPI_DMAHalfTransmitCplt	24	static
../Drivers/STM32F1xx_HAL_Driver/Src/stm32f1xx_hal_spi.c:2979:13:SPI_DMAHalfReceiveCplt	24	static
../Drivers/STM32F1xx_HAL_Driver/Src/stm32f1xx_hal_spi.c:2997:13:SPI_DMAHalfTransmitReceiveCplt	24	static
../Drivers/STM32F1xx_HAL_Driver/Src/stm32f1xx_hal_spi.c:3015:13:SPI_DMAError	24	static
../Drivers/STM32F1xx_HAL_Driver/Src/stm32f1xx_hal_spi.c:3038:13:SPI_DMAAbortOnError	24	static
../Drivers/STM32F1xx_HAL_Driver/Src/stm32f1xx_hal_spi.c:3060:13:SPI_DMATxAbortCallback	32	static
../Drivers/STM32F1xx_HAL_Driver/Src/stm32f1xx_hal_spi.c:3124:13:SPI_DMARxAbortCallback	24	static
../Drivers/STM32F1xx_HAL_Driver/Src/stm32f1xx_hal_spi.c:3182:13:SPI_2linesRxISR_8BIT	16	static
../Drivers/STM32F1xx_HAL_Driver/Src/stm32f1xx_hal_spi.c:3245:13:SPI_2linesTxISR_8BIT	16	static
../Drivers/STM32F1xx_HAL_Driver/Src/stm32f1xx_hal_spi.c:3281:13:SPI_2linesRxISR_16BIT	16	static
../Drivers/STM32F1xx_HAL_Driver/Src/stm32f1xx_hal_spi.c:3337:13:SPI_2linesTxISR_16BIT	16	static
../Drivers/STM32F1xx_HAL_Driver/Src/stm32f1xx_hal_spi.c:3397:13:SPI_RxISR_8BIT	16	static
../Drivers/STM32F1xx_HAL_Driver/Src/stm32f1xx_hal_spi.c:3460:13:SPI_RxISR_16BIT	16	static
../Drivers/STM32F1xx_HAL_Driver/Src/stm32f1xx_hal_spi.c:3500:13:SPI_TxISR_8BIT	16	static
../Drivers/STM32F1xx_HAL_Driver/Src/stm32f1xx_hal_spi.c:3525:13:SPI_TxISR_16BIT	16	static
../Drivers/STM32F1xx_HAL_Driver/Src/stm32f1xx_hal_spi.c:3555:26:SPI_WaitFlagStateUntilTimeout	40	static
../Drivers/STM32F1xx_HAL_Driver/Src/stm32f1xx_hal_spi.c:3622:26:SPI_EndRxTransaction	32	static
../Drivers/STM32F1xx_HAL_Driver/Src/stm32f1xx_hal_spi.c:3659:26:SPI_EndRxTxTransaction	32	static
../Drivers/STM32F1xx_HAL_Driver/Src/stm32f1xx_hal_spi.c:3676:13:SPI_CloseRxTx_ISR	32	static
../Drivers/STM32F1xx_HAL_Driver/Src/stm32f1xx_hal_spi.c:3782:13:SPI_CloseRx_ISR	24	static
../Drivers/STM32F1xx_HAL_Driver/Src/stm32f1xx_hal_spi.c:3856:13:SPI_CloseTx_ISR	32	static
../Drivers/STM32F1xx_HAL_Driver/Src/stm32f1xx_hal_spi.c:3917:13:SPI_AbortRx_ISR	24	static
../Drivers/STM32F1xx_HAL_Driver/Src/stm32f1xx_hal_spi.c:3953:13:SPI_AbortTx_ISR	16	static
