../Drivers/STM32F1xx_HAL_Driver/Src/stm32f1xx_ll_usb.c:1831:19:USB_CoreInit	16	static
../Drivers/STM32F1xx_HAL_Driver/Src/stm32f1xx_ll_usb.c:1851:19:USB_EnableGlobalInt	24	static
../Drivers/STM32F1xx_HAL_Driver/Src/stm32f1xx_ll_usb.c:1876:19:USB_DisableGlobalInt	24	static
../Drivers/STM32F1xx_HAL_Driver/Src/stm32f1xx_ll_usb.c:1900:19:USB_SetCurrentMode	16	static
../Drivers/STM32F1xx_HAL_Driver/Src/stm32f1xx_ll_usb.c:1921:19:USB_DevInit	16	static
../Drivers/STM32F1xx_HAL_Driver/Src/stm32f1xx_ll_usb.c:1950:19:USB_FlushTxFifo	16	static
../Drivers/STM32F1xx_HAL_Driver/Src/stm32f1xx_ll_usb.c:1969:19:USB_FlushRxFifo	16	static
../Drivers/STM32F1xx_HAL_Driver/Src/stm32f1xx_ll_usb.c:1989:19:USB_ActivateEndpoint	112	static
../Drivers/STM32F1xx_HAL_Driver/Src/stm32f1xx_ll_usb.c:2104:19:USB_DeactivateEndpoint	56	static
../Drivers/STM32F1xx_HAL_Driver/Src/stm32f1xx_ll_usb.c:2160:19:USB_EPStartXfer	312	static
../Drivers/STM32F1xx_HAL_Driver/Src/stm32f1xx_ll_usb.c:2421:19:USB_EPSetStall	24	static
../Drivers/STM32F1xx_HAL_Driver/Src/stm32f1xx_ll_usb.c:2441:19:USB_EPClearStall	32	static
../Drivers/STM32F1xx_HAL_Driver/Src/stm32f1xx_ll_usb.c:2473:19:USB_StopDevice	16	static
../Drivers/STM32F1xx_HAL_Driver/Src/stm32f1xx_ll_usb.c:2494:20:USB_SetDevAddress	16	static
../Drivers/STM32F1xx_HAL_Driver/Src/stm32f1xx_ll_usb.c:2510:20:USB_DevConnect	16	static
../Drivers/STM32F1xx_HAL_Driver/Src/stm32f1xx_ll_usb.c:2528:20:USB_DevDisconnect	16	static
../Drivers/STM32F1xx_HAL_Driver/Src/stm32f1xx_ll_usb.c:2546:11:USB_ReadInterrupts	24	static
../Drivers/STM32F1xx_HAL_Driver/Src/stm32f1xx_ll_usb.c:2559:10:USB_ReadDevAllOutEpInterrupt	16	static
../Drivers/STM32F1xx_HAL_Driver/Src/stm32f1xx_ll_usb.c:2575:10:USB_ReadDevAllInEpInterrupt	16	static
../Drivers/STM32F1xx_HAL_Driver/Src/stm32f1xx_ll_usb.c:2593:10:USB_ReadDevOutEPInterrupt	16	static
../Drivers/STM32F1xx_HAL_Driver/Src/stm32f1xx_ll_usb.c:2612:10:USB_ReadDevInEPInterrupt	16	static
../Drivers/STM32F1xx_HAL_Driver/Src/stm32f1xx_ll_usb.c:2630:7:USB_ClearInterrupts	16	static
../Drivers/STM32F1xx_HAL_Driver/Src/stm32f1xx_ll_usb.c:2647:19:USB_EP0_OutStart	16	static
../Drivers/STM32F1xx_HAL_Driver/Src/stm32f1xx_ll_usb.c:2664:19:USB_ActivateRemoteWakeup	16	static
../Drivers/STM32F1xx_HAL_Driver/Src/stm32f1xx_ll_usb.c:2676:19:USB_DeActivateRemoteWakeup	16	static
../Drivers/STM32F1xx_HAL_Driver/Src/stm32f1xx_ll_usb.c:2691:6:USB_WritePMA	56	static
../Drivers/STM32F1xx_HAL_Driver/Src/stm32f1xx_ll_usb.c:2725:6:USB_ReadPMA	48	static
