../Drivers/STM32F1xx_HAL_Driver/Src/stm32f1xx_hal_pcd.c:128:19:HAL_PCD_Init	64	static
../Drivers/STM32F1xx_HAL_Driver/Src/stm32f1xx_hal_pcd.c:246:19:HAL_PCD_DeInit	16	static
../Drivers/STM32F1xx_HAL_Driver/Src/stm32f1xx_hal_pcd.c:285:13:HAL_PCD_MspInit	16	static
../Drivers/STM32F1xx_HAL_Driver/Src/stm32f1xx_hal_pcd.c:300:13:HAL_PCD_MspDeInit	16	static
../Drivers/STM32F1xx_HAL_Driver/Src/stm32f1xx_hal_pcd.c:858:19:HAL_PCD_Start	16	static
../Drivers/STM32F1xx_HAL_Driver/Src/stm32f1xx_hal_pcd.c:878:19:HAL_PCD_Stop	16	static
../Drivers/STM32F1xx_HAL_Driver/Src/stm32f1xx_hal_pcd.c:1253:6:HAL_PCD_IRQHandler	40	static
../Drivers/STM32F1xx_HAL_Driver/Src/stm32f1xx_hal_pcd.c:1371:6:HAL_PCD_WKUP_IRQHandler	16	static
../Drivers/STM32F1xx_HAL_Driver/Src/stm32f1xx_hal_pcd.c:1384:13:HAL_PCD_DataOutStageCallback	16	static
../Drivers/STM32F1xx_HAL_Driver/Src/stm32f1xx_hal_pcd.c:1401:13:HAL_PCD_DataInStageCallback	16	static
../Drivers/STM32F1xx_HAL_Driver/Src/stm32f1xx_hal_pcd.c:1416:13:HAL_PCD_SetupStageCallback	16	static
../Drivers/STM32F1xx_HAL_Driver/Src/stm32f1xx_hal_pcd.c:1431:13:HAL_PCD_SOFCallback	16	static
../Drivers/STM32F1xx_HAL_Driver/Src/stm32f1xx_hal_pcd.c:1446:13:HAL_PCD_ResetCallback	16	static
../Drivers/STM32F1xx_HAL_Driver/Src/stm32f1xx_hal_pcd.c:1461:13:HAL_PCD_SuspendCallback	16	static
../Drivers/STM32F1xx_HAL_Driver/Src/stm32f1xx_hal_pcd.c:1476:13:HAL_PCD_ResumeCallback	16	static
../Drivers/STM32F1xx_HAL_Driver/Src/stm32f1xx_hal_pcd.c:1492:13:HAL_PCD_ISOOUTIncompleteCallback	16	static
../Drivers/STM32F1xx_HAL_Driver/Src/stm32f1xx_hal_pcd.c:1509:13:HAL_PCD_ISOINIncompleteCallback	16	static
../Drivers/STM32F1xx_HAL_Driver/Src/stm32f1xx_hal_pcd.c:1525:13:HAL_PCD_ConnectCallback	16	static
../Drivers/STM32F1xx_HAL_Driver/Src/stm32f1xx_hal_pcd.c:1540:13:HAL_PCD_DisconnectCallback	16	static
../Drivers/STM32F1xx_HAL_Driver/Src/stm32f1xx_hal_pcd.c:1574:19:HAL_PCD_DevConnect	16	static
../Drivers/STM32F1xx_HAL_Driver/Src/stm32f1xx_hal_pcd.c:1593:19:HAL_PCD_DevDisconnect	16	static
../Drivers/STM32F1xx_HAL_Driver/Src/stm32f1xx_hal_pcd.c:1613:19:HAL_PCD_SetAddress	16	static
../Drivers/STM32F1xx_HAL_Driver/Src/stm32f1xx_hal_pcd.c:1630:19:HAL_PCD_EP_Open	24	static
../Drivers/STM32F1xx_HAL_Driver/Src/stm32f1xx_hal_pcd.c:1675:19:HAL_PCD_EP_Close	24	static
../Drivers/STM32F1xx_HAL_Driver/Src/stm32f1xx_hal_pcd.c:1706:19:HAL_PCD_EP_Receive	32	static
../Drivers/STM32F1xx_HAL_Driver/Src/stm32f1xx_hal_pcd.c:1737:10:HAL_PCD_EP_GetRxCount	16	static
../Drivers/STM32F1xx_HAL_Driver/Src/stm32f1xx_hal_pcd.c:1749:19:HAL_PCD_EP_Transmit	32	static
../Drivers/STM32F1xx_HAL_Driver/Src/stm32f1xx_hal_pcd.c:1784:19:HAL_PCD_EP_SetStall	24	static
../Drivers/STM32F1xx_HAL_Driver/Src/stm32f1xx_hal_pcd.c:1827:19:HAL_PCD_EP_ClrStall	24	static
../Drivers/STM32F1xx_HAL_Driver/Src/stm32f1xx_hal_pcd.c:1863:19:HAL_PCD_EP_Flush	16	static
../Drivers/STM32F1xx_HAL_Driver/Src/stm32f1xx_hal_pcd.c:1886:19:HAL_PCD_ActivateRemoteWakeup	16	static
../Drivers/STM32F1xx_HAL_Driver/Src/stm32f1xx_hal_pcd.c:1896:19:HAL_PCD_DeActivateRemoteWakeup	16	static
../Drivers/STM32F1xx_HAL_Driver/Src/stm32f1xx_hal_pcd.c:1925:18:HAL_PCD_GetState	16	static
../Drivers/STM32F1xx_HAL_Driver/Src/stm32f1xx_hal_pcd.c:2085:26:PCD_EP_ISR_Handler	64	static
../Drivers/STM32F1xx_HAL_Driver/Src/stm32f1xx_hal_pcd.c:2323:17:HAL_PCD_EP_DB_Receive	40	static
../Drivers/STM32F1xx_HAL_Driver/Src/stm32f1xx_hal_pcd.c:2404:26:HAL_PCD_EP_DB_Transmit	144	static
