../Drivers/STM32F1xx_HAL_Driver/Src/stm32f1xx_hal_adc.c:411:19:HAL_ADC_Init	32	static
../Drivers/STM32F1xx_HAL_Driver/Src/stm32f1xx_hal_adc.c:629:19:HAL_ADC_DeInit	24	static
../Drivers/STM32F1xx_HAL_Driver/Src/stm32f1xx_hal_adc.c:777:13:HAL_ADC_MspInit	16	static
../Drivers/STM32F1xx_HAL_Driver/Src/stm32f1xx_hal_adc.c:791:13:HAL_ADC_MspDeInit	16	static
../Drivers/STM32F1xx_HAL_Driver/Src/stm32f1xx_hal_adc.c:1036:19:HAL_ADC_Start	24	static
../Drivers/STM32F1xx_HAL_Driver/Src/stm32f1xx_hal_adc.c:1149:19:HAL_ADC_Stop	24	static
../Drivers/STM32F1xx_HAL_Driver/Src/stm32f1xx_hal_adc.c:1193:19:HAL_ADC_PollForConversion	40	static
../Drivers/STM32F1xx_HAL_Driver/Src/stm32f1xx_hal_adc.c:1332:19:HAL_ADC_PollForEvent	32	static
../Drivers/STM32F1xx_HAL_Driver/Src/stm32f1xx_hal_adc.c:1385:19:HAL_ADC_Start_IT	24	static
../Drivers/STM32F1xx_HAL_Driver/Src/stm32f1xx_hal_adc.c:1496:19:HAL_ADC_Stop_IT	24	static
../Drivers/STM32F1xx_HAL_Driver/Src/stm32f1xx_hal_adc.c:1553:19:HAL_ADC_Start_DMA	32	static
../Drivers/STM32F1xx_HAL_Driver/Src/stm32f1xx_hal_adc.c:1694:19:HAL_ADC_Stop_DMA	24	static
../Drivers/STM32F1xx_HAL_Driver/Src/stm32f1xx_hal_adc.c:1762:10:HAL_ADC_GetValue	16	static
../Drivers/STM32F1xx_HAL_Driver/Src/stm32f1xx_hal_adc.c:1779:6:HAL_ADC_IRQHandler	24	static
../Drivers/STM32F1xx_HAL_Driver/Src/stm32f1xx_hal_adc.c:1909:13:HAL_ADC_ConvCpltCallback	16	static
../Drivers/STM32F1xx_HAL_Driver/Src/stm32f1xx_hal_adc.c:1923:13:HAL_ADC_ConvHalfCpltCallback	16	static
../Drivers/STM32F1xx_HAL_Driver/Src/stm32f1xx_hal_adc.c:1937:13:HAL_ADC_LevelOutOfWindowCallback	16	static
../Drivers/STM32F1xx_HAL_Driver/Src/stm32f1xx_hal_adc.c:1952:13:HAL_ADC_ErrorCallback	16	static
../Drivers/STM32F1xx_HAL_Driver/Src/stm32f1xx_hal_adc.c:2000:19:HAL_ADC_ConfigChannel	24	static
../Drivers/STM32F1xx_HAL_Driver/Src/stm32f1xx_hal_adc.c:2110:19:HAL_ADC_AnalogWDGConfig	16	static
../Drivers/STM32F1xx_HAL_Driver/Src/stm32f1xx_hal_adc.c:2197:10:HAL_ADC_GetState	16	static
../Drivers/STM32F1xx_HAL_Driver/Src/stm32f1xx_hal_adc.c:2208:10:HAL_ADC_GetError	16	static
../Drivers/STM32F1xx_HAL_Driver/Src/stm32f1xx_hal_adc.c:2232:19:ADC_Enable	24	static
../Drivers/STM32F1xx_HAL_Driver/Src/stm32f1xx_hal_adc.c:2291:19:ADC_ConversionStop_Disable	24	static
../Drivers/STM32F1xx_HAL_Driver/Src/stm32f1xx_hal_adc.c:2333:6:ADC_DMAConvCplt	24	static
../Drivers/STM32F1xx_HAL_Driver/Src/stm32f1xx_hal_adc.c:2380:6:ADC_DMAHalfConvCplt	24	static
../Drivers/STM32F1xx_HAL_Driver/Src/stm32f1xx_hal_adc.c:2398:6:ADC_DMAError	24	static
