../Drivers/STM32F1xx_HAL_Driver/Src/stm32f1xx_hal_adc_ex.c:119:19:HAL_ADCEx_Calibration_Start	40	static
../Drivers/STM32F1xx_HAL_Driver/Src/stm32f1xx_hal_adc_ex.c:229:19:HAL_ADCEx_InjectedStart	24	static
../Drivers/STM32F1xx_HAL_Driver/Src/stm32f1xx_hal_adc_ex.c:328:19:HAL_ADCEx_InjectedStop	24	static
../Drivers/STM32F1xx_HAL_Driver/Src/stm32f1xx_hal_adc_ex.c:381:19:HAL_ADCEx_InjectedPollForConversion	40	static
../Drivers/STM32F1xx_HAL_Driver/Src/stm32f1xx_hal_adc_ex.c:507:19:HAL_ADCEx_InjectedStart_IT	24	static
../Drivers/STM32F1xx_HAL_Driver/Src/stm32f1xx_hal_adc_ex.c:606:19:HAL_ADCEx_InjectedStop_IT	24	static
../Drivers/STM32F1xx_HAL_Driver/Src/stm32f1xx_hal_adc_ex.c:675:19:HAL_ADCEx_MultiModeStart_DMA	80	static
../Drivers/STM32F1xx_HAL_Driver/Src/stm32f1xx_hal_adc_ex.c:801:19:HAL_ADCEx_MultiModeStop_DMA	72	static
../Drivers/STM32F1xx_HAL_Driver/Src/stm32f1xx_hal_adc_ex.c:889:10:HAL_ADCEx_InjectedGetValue	24	static
../Drivers/STM32F1xx_HAL_Driver/Src/stm32f1xx_hal_adc_ex.c:926:10:HAL_ADCEx_MultiModeGetValue	24	static
../Drivers/STM32F1xx_HAL_Driver/Src/stm32f1xx_hal_adc_ex.c:958:13:HAL_ADCEx_InjectedConvCpltCallback	16	static
../Drivers/STM32F1xx_HAL_Driver/Src/stm32f1xx_hal_adc_ex.c:1000:19:HAL_ADCEx_InjectedConfigChannel	24	static
../Drivers/STM32F1xx_HAL_Driver/Src/stm32f1xx_hal_adc_ex.c:1261:19:HAL_ADCEx_MultiModeConfigChannel	72	static
